Archive member included to satisfy reference by file (symbol)

C:/ST/STM32CubeCLT_1.15.1/GNU-tools-for-STM32/bin/../lib/gcc/arm-none-eabi/12.3.1/../../../../arm-none-eabi/lib/thumb/v7-m/nofp\libc_nano.a(libc_a-exit.o)
                              C:/ST/STM32CubeCLT_1.15.1/GNU-tools-for-STM32/bin/../lib/gcc/arm-none-eabi/12.3.1/../../../../arm-none-eabi/lib/thumb/v7-m/nofp/crt0.o (exit)
C:/ST/STM32CubeCLT_1.15.1/GNU-tools-for-STM32/bin/../lib/gcc/arm-none-eabi/12.3.1/../../../../arm-none-eabi/lib/thumb/v7-m/nofp\libc_nano.a(libc_a-nano-vfprintf_float.o)
                              (_printf_float)
C:/ST/STM32CubeCLT_1.15.1/GNU-tools-for-STM32/bin/../lib/gcc/arm-none-eabi/12.3.1/../../../../arm-none-eabi/lib/thumb/v7-m/nofp\libc_nano.a(libc_a-nano-vfprintf_i.o)
                              C:/ST/STM32CubeCLT_1.15.1/GNU-tools-for-STM32/bin/../lib/gcc/arm-none-eabi/12.3.1/../../../../arm-none-eabi/lib/thumb/v7-m/nofp\libc_nano.a(libc_a-nano-vfprintf_float.o) (_printf_common)
C:/ST/STM32CubeCLT_1.15.1/GNU-tools-for-STM32/bin/../lib/gcc/arm-none-eabi/12.3.1/../../../../arm-none-eabi/lib/thumb/v7-m/nofp\libc_nano.a(libc_a-findfp.o)
                              C:/ST/STM32CubeCLT_1.15.1/GNU-tools-for-STM32/bin/../lib/gcc/arm-none-eabi/12.3.1/../../../../arm-none-eabi/lib/thumb/v7-m/nofp\libc_nano.a(libc_a-exit.o) (__stdio_exit_handler)
C:/ST/STM32CubeCLT_1.15.1/GNU-tools-for-STM32/bin/../lib/gcc/arm-none-eabi/12.3.1/../../../../arm-none-eabi/lib/thumb/v7-m/nofp\libc_nano.a(libc_a-fwalk.o)
                              C:/ST/STM32CubeCLT_1.15.1/GNU-tools-for-STM32/bin/../lib/gcc/arm-none-eabi/12.3.1/../../../../arm-none-eabi/lib/thumb/v7-m/nofp\libc_nano.a(libc_a-findfp.o) (_fwalk_sglue)
C:/ST/STM32CubeCLT_1.15.1/GNU-tools-for-STM32/bin/../lib/gcc/arm-none-eabi/12.3.1/../../../../arm-none-eabi/lib/thumb/v7-m/nofp\libc_nano.a(libc_a-stdio.o)
                              C:/ST/STM32CubeCLT_1.15.1/GNU-tools-for-STM32/bin/../lib/gcc/arm-none-eabi/12.3.1/../../../../arm-none-eabi/lib/thumb/v7-m/nofp\libc_nano.a(libc_a-findfp.o) (__sread)
C:/ST/STM32CubeCLT_1.15.1/GNU-tools-for-STM32/bin/../lib/gcc/arm-none-eabi/12.3.1/../../../../arm-none-eabi/lib/thumb/v7-m/nofp\libc_nano.a(libc_a-memset.o)
                              C:/ST/STM32CubeCLT_1.15.1/GNU-tools-for-STM32/bin/../lib/gcc/arm-none-eabi/12.3.1/../../../../arm-none-eabi/lib/thumb/v7-m/nofp/crt0.o (memset)
C:/ST/STM32CubeCLT_1.15.1/GNU-tools-for-STM32/bin/../lib/gcc/arm-none-eabi/12.3.1/../../../../arm-none-eabi/lib/thumb/v7-m/nofp\libc_nano.a(libc_a-localeconv.o)
                              C:/ST/STM32CubeCLT_1.15.1/GNU-tools-for-STM32/bin/../lib/gcc/arm-none-eabi/12.3.1/../../../../arm-none-eabi/lib/thumb/v7-m/nofp\libc_nano.a(libc_a-nano-vfprintf_float.o) (_localeconv_r)
C:/ST/STM32CubeCLT_1.15.1/GNU-tools-for-STM32/bin/../lib/gcc/arm-none-eabi/12.3.1/../../../../arm-none-eabi/lib/thumb/v7-m/nofp\libc_nano.a(libc_a-closer.o)
                              C:/ST/STM32CubeCLT_1.15.1/GNU-tools-for-STM32/bin/../lib/gcc/arm-none-eabi/12.3.1/../../../../arm-none-eabi/lib/thumb/v7-m/nofp\libc_nano.a(libc_a-stdio.o) (_close_r)
C:/ST/STM32CubeCLT_1.15.1/GNU-tools-for-STM32/bin/../lib/gcc/arm-none-eabi/12.3.1/../../../../arm-none-eabi/lib/thumb/v7-m/nofp\libc_nano.a(libc_a-reent.o)
                              C:/ST/STM32CubeCLT_1.15.1/GNU-tools-for-STM32/bin/../lib/gcc/arm-none-eabi/12.3.1/../../../../arm-none-eabi/lib/thumb/v7-m/nofp\libc_nano.a(libc_a-closer.o) (errno)
C:/ST/STM32CubeCLT_1.15.1/GNU-tools-for-STM32/bin/../lib/gcc/arm-none-eabi/12.3.1/../../../../arm-none-eabi/lib/thumb/v7-m/nofp\libc_nano.a(libc_a-impure.o)
                              C:/ST/STM32CubeCLT_1.15.1/GNU-tools-for-STM32/bin/../lib/gcc/arm-none-eabi/12.3.1/../../../../arm-none-eabi/lib/thumb/v7-m/nofp\libc_nano.a(libc_a-reent.o) (_impure_ptr)
C:/ST/STM32CubeCLT_1.15.1/GNU-tools-for-STM32/bin/../lib/gcc/arm-none-eabi/12.3.1/../../../../arm-none-eabi/lib/thumb/v7-m/nofp\libc_nano.a(libc_a-lseekr.o)
                              C:/ST/STM32CubeCLT_1.15.1/GNU-tools-for-STM32/bin/../lib/gcc/arm-none-eabi/12.3.1/../../../../arm-none-eabi/lib/thumb/v7-m/nofp\libc_nano.a(libc_a-stdio.o) (_lseek_r)
C:/ST/STM32CubeCLT_1.15.1/GNU-tools-for-STM32/bin/../lib/gcc/arm-none-eabi/12.3.1/../../../../arm-none-eabi/lib/thumb/v7-m/nofp\libc_nano.a(libc_a-readr.o)
                              C:/ST/STM32CubeCLT_1.15.1/GNU-tools-for-STM32/bin/../lib/gcc/arm-none-eabi/12.3.1/../../../../arm-none-eabi/lib/thumb/v7-m/nofp\libc_nano.a(libc_a-stdio.o) (_read_r)
C:/ST/STM32CubeCLT_1.15.1/GNU-tools-for-STM32/bin/../lib/gcc/arm-none-eabi/12.3.1/../../../../arm-none-eabi/lib/thumb/v7-m/nofp\libc_nano.a(libc_a-writer.o)
                              C:/ST/STM32CubeCLT_1.15.1/GNU-tools-for-STM32/bin/../lib/gcc/arm-none-eabi/12.3.1/../../../../arm-none-eabi/lib/thumb/v7-m/nofp\libc_nano.a(libc_a-stdio.o) (_write_r)
[...]
Memory Configuration

Name             Origin             Length             Attributes
RAM              0x20000000         0x00005000         xrw
FLASH            0x08000000         0x00010000         xr
*default*        0x00000000         0xffffffff

Linker script and memory map

LOAD C:/ST/STM32CubeCLT_1.15.1/GNU-tools-for-STM32/bin/../lib/gcc/arm-none-eabi/12.3.1/thumb/v7-m/nofp/crti.o
LOAD C:/ST/STM32CubeCLT_1.15.1/GNU-tools-for-STM32/bin/../lib/gcc/arm-none-eabi/12.3.1/thumb/v7-m/nofp/crtbegin.o
LOAD C:/ST/STM32CubeCLT_1.15.1/GNU-tools-for-STM32/bin/../lib/gcc/arm-none-eabi/12.3.1/../../../../arm-none-eabi/lib/thumb/v7-m/nofp/crt0.o
START GROUP
LOAD C:/ST/STM32CubeCLT_1.15.1/GNU-tools-for-STM32/bin/../lib/gcc/arm-none-eabi/12.3.1/../../../../arm-none-eabi/lib/thumb/v7-m/nofp\libc_nano.a
LOAD C:/ST/STM32CubeCLT_1.15.1/GNU-tools-for-STM32/bin/../lib/gcc/arm-none-eabi/12.3.1/../../../../arm-none-eabi/lib/thumb/v7-m/nofp\libm.a
END GROUP
LOAD CMakeFiles/FlightController.dir/Core/Src/Tools.c.obj
LOAD CMakeFiles/FlightController.dir/Core/Src/MotorControl.c.obj
LOAD CMakeFiles/FlightController.dir/Core/Src/MPU6050.c.obj
LOAD CMakeFiles/FlightController.dir/Core/Src/NRF24L01P.c.obj
LOAD CMakeFiles/FlightController.dir/Core/Src/PID.c.obj
LOAD CMakeFiles/FlightController.dir/Core/Src/KalmanFilter.c.obj
LOAD CMakeFiles/FlightController.dir/Core/Src/main.c.obj
LOAD CMakeFiles/FlightController.dir/Core/Src/stm32f1xx_it.c.obj
LOAD CMakeFiles/FlightController.dir/Core/Src/stm32f1xx_hal_msp.c.obj
LOAD CMakeFiles/FlightController.dir/Drivers/STM32F1xx_HAL_Driver/Src/stm32f1xx_hal_gpio_ex.c.obj
LOAD CMakeFiles/FlightController.dir/Drivers/STM32F1xx_HAL_Driver/Src/stm32f1xx_hal_i2c.c.obj
LOAD CMakeFiles/FlightController.dir/Drivers/STM32F1xx_HAL_Driver/Src/stm32f1xx_hal.c.obj
LOAD CMakeFiles/FlightController.dir/Drivers/STM32F1xx_HAL_Driver/Src/stm32f1xx_hal_rcc.c.obj
LOAD CMakeFiles/FlightController.dir/Drivers/STM32F1xx_HAL_Driver/Src/stm32f1xx_hal_rcc_ex.c.obj
LOAD CMakeFiles/FlightController.dir/Drivers/STM32F1xx_HAL_Driver/Src/stm32f1xx_hal_gpio.c.obj
LOAD CMakeFiles/FlightController.dir/Drivers/STM32F1xx_HAL_Driver/Src/stm32f1xx_hal_dma.c.obj
LOAD CMakeFiles/FlightController.dir/Drivers/STM32F1xx_HAL_Driver/Src/stm32f1xx_hal_cortex.c.obj
LOAD CMakeFiles/FlightController.dir/Drivers/STM32F1xx_HAL_Driver/Src/stm32f1xx_hal_pwr.c.obj
LOAD CMakeFiles/FlightController.dir/Drivers/STM32F1xx_HAL_Driver/Src/stm32f1xx_hal_flash.c.obj
LOAD CMakeFiles/FlightController.dir/Drivers/STM32F1xx_HAL_Driver/Src/stm32f1xx_hal_flash_ex.c.obj
LOAD CMakeFiles/FlightController.dir/Drivers/STM32F1xx_HAL_Driver/Src/stm32f1xx_hal_exti.c.obj
LOAD CMakeFiles/FlightController.dir/Drivers/STM32F1xx_HAL_Driver/Src/stm32f1xx_hal_spi.c.obj
LOAD CMakeFiles/FlightController.dir/Drivers/STM32F1xx_HAL_Driver/Src/stm32f1xx_hal_tim.c.obj
LOAD CMakeFiles/FlightController.dir/Drivers/STM32F1xx_HAL_Driver/Src/stm32f1xx_hal_tim_ex.c.obj
LOAD CMakeFiles/FlightController.dir/Drivers/STM32F1xx_HAL_Driver/Src/stm32f1xx_hal_uart.c.obj
LOAD CMakeFiles/FlightController.dir/Core/Src/system_stm32f1xx.c.obj
LOAD CMakeFiles/FlightController.dir/Core/Src/sysmem.c.obj
LOAD CMakeFiles/FlightController.dir/Core/Src/syscalls.c.obj
LOAD CMakeFiles/FlightController.dir/startup_stm32f103xb.s.obj
START GROUP
LOAD C:/ST/STM32CubeCLT_1.15.1/GNU-tools-for-STM32/bin/../lib/gcc/arm-none-eabi/12.3.1/thumb/v7-m/nofp\libgcc.a
LOAD C:/ST/STM32CubeCLT_1.15.1/GNU-tools-for-STM32/bin/../lib/gcc/arm-none-eabi/12.3.1/../../../../arm-none-eabi/lib/thumb/v7-m/nofp\libg_nano.a
LOAD C:/ST/STM32CubeCLT_1.15.1/GNU-tools-for-STM32/bin/../lib/gcc/arm-none-eabi/12.3.1/../../../../arm-none-eabi/lib/thumb/v7-m/nofp\libc_nano.a
END GROUP
START GROUP
LOAD C:/ST/STM32CubeCLT_1.15.1/GNU-tools-for-STM32/bin/../lib/gcc/arm-none-eabi/12.3.1/thumb/v7-m/nofp\libgcc.a
LOAD C:/ST/STM32CubeCLT_1.15.1/GNU-tools-for-STM32/bin/../lib/gcc/arm-none-eabi/12.3.1/../../../../arm-none-eabi/lib/thumb/v7-m/nofp\libc_nano.a
END GROUP
LOAD C:/ST/STM32CubeCLT_1.15.1/GNU-tools-for-STM32/bin/../lib/gcc/arm-none-eabi/12.3.1/thumb/v7-m/nofp/crtend.o
LOAD C:/ST/STM32CubeCLT_1.15.1/GNU-tools-for-STM32/bin/../lib/gcc/arm-none-eabi/12.3.1/thumb/v7-m/nofp/crtn.o
                0x20005000                        _estack = (ORIGIN (RAM) + LENGTH (RAM))
                0x00000200                        _Min_Heap_Size = 0x200
                0x00000400                        _Min_Stack_Size = 0x400

.isr_vector     0x08000000      0x10c
                0x08000000                        . = ALIGN (0x4)
 *(.isr_vector)
 .isr_vector    0x08000000      0x10c CMakeFiles/FlightController.dir/startup_stm32f103xb.s.obj
                0x08000000                g_pfnVectors
                0x0800010c                        . = ALIGN (0x4)

.text           0x08000110     0xc050
                0x08000110                        . = ALIGN (0x4)
 *(.text)
 .text          0x08000110       0x40 C:/ST/STM32CubeCLT_1.15.1/GNU-tools-for-STM32/bin/../lib/gcc/arm-none-eabi/12.3.1/thumb/v7-m/nofp/crtbegin.o
 .text          0x08000150       0x10 C:/ST/STM32CubeCLT_1.15.1/GNU-tools-for-STM32/bin/../lib/gcc/arm-none-eabi/12.3.1/../../../../arm-none-eabi/lib/thumb/v7-m/nofp\libc_nano.a(libc_a-strlen.o)
                0x08000150                strlen
 .text          0x08000160      0x378 C:/ST/STM32CubeCLT_1.15.1/GNU-tools-for-STM32/bin/../lib/gcc/arm-none-eabi/12.3.1/thumb/v7-m/nofp\libgcc.a(_arm_addsubdf3.o)
                0x08000160                __aeabi_drsub
                0x08000168                __aeabi_dsub
                0x08000168                __subdf3
                0x0800016c                __aeabi_dadd
                0x0800016c                __adddf3
                0x080003e4                __floatunsidf
                0x080003e4                __aeabi_ui2d
                0x08000404                __floatsidf
                0x08000404                __aeabi_i2d
                0x08000428                __aeabi_f2d
                0x08000428                __extendsfdf2
                0x0800046c                __floatundidf
                0x0800046c                __aeabi_ul2d
                0x0800047c                __floatdidf
                0x0800047c                __aeabi_l2d
 .text          0x080004d8      0x424 C:/ST/STM32CubeCLT_1.15.1/GNU-tools-for-STM32/bin/../lib/gcc/arm-none-eabi/12.3.1/thumb/v7-m/nofp\libgcc.a(_arm_muldivdf3.o)
                0x080004d8                __aeabi_dmul
                0x080004d8                __muldf3
                0x0800072c                __divdf3
                0x0800072c                __aeabi_ddiv
 .text          0x080008fc      0x110 C:/ST/STM32CubeCLT_1.15.1/GNU-tools-for-STM32/bin/../lib/gcc/arm-none-eabi/12.3.1/thumb/v7-m/nofp\libgcc.a(_arm_cmpdf2.o)
                0x080008fc                __gtdf2
                0x080008fc                __gedf2
                0x08000904                __ltdf2
                0x08000904                __ledf2
                0x0800090c                __nedf2
                0x0800090c                __eqdf2
                0x0800090c                __cmpdf2
                0x08000988                __aeabi_cdrcmple
                0x08000998                __aeabi_cdcmpeq
                0x08000998                __aeabi_cdcmple
                0x080009a8                __aeabi_dcmpeq
                0x080009bc                __aeabi_dcmplt
                0x080009d0                __aeabi_dcmple
                0x080009e4                __aeabi_dcmpge
                0x080009f8                __aeabi_dcmpgt
 .text          0x08000a0c       0x2c C:/ST/STM32CubeCLT_1.15.1/GNU-tools-for-STM32/bin/../lib/gcc/arm-none-eabi/12.3.1/thumb/v7-m/nofp\libgcc.a(_arm_unorddf2.o)
                0x08000a0c                __unorddf2
                0x08000a0c                __aeabi_dcmpun
 .text          0x08000a38       0x50 C:/ST/STM32CubeCLT_1.15.1/GNU-tools-for-STM32/bin/../lib/gcc/arm-none-eabi/12.3.1/thumb/v7-m/nofp\libgcc.a(_arm_fixdfsi.o)
                0x08000a38                __aeabi_d2iz
                0x08000a38                __fixdfsi
 .text          0x08000a88       0x40 C:/ST/STM32CubeCLT_1.15.1/GNU-tools-for-STM32/bin/../lib/gcc/arm-none-eabi/12.3.1/thumb/v7-m/nofp\libgcc.a(_arm_fixunsdfsi.o)
                0x08000a88                __aeabi_d2uiz
                0x08000a88                __fixunsdfsi
 .text          0x08000ac8       0xa0 C:/ST/STM32CubeCLT_1.15.1/GNU-tools-for-STM32/bin/../lib/gcc/arm-none-eabi/12.3.1/thumb/v7-m/nofp\libgcc.a(_arm_truncdfsf2.o)
                0x08000ac8                __truncdfsf2
                0x08000ac8                __aeabi_d2f
 .text          0x08000b68      0x21c C:/ST/STM32CubeCLT_1.15.1/GNU-tools-for-STM32/bin/../lib/gcc/arm-none-eabi/12.3.1/thumb/v7-m/nofp\libgcc.a(_arm_addsubsf3.o)
                0x08000b68                __aeabi_frsub
                0x08000b70                __subsf3
                0x08000b70                __aeabi_fsub
                0x08000b74                __aeabi_fadd
                0x08000b74                __addsf3
                0x08000cd4                __aeabi_ui2f
                0x08000cd4                __floatunsisf
                0x08000cdc                __aeabi_i2f
                0x08000cdc                __floatsisf
                0x08000cf8                __aeabi_ul2f
                0x08000cf8                __floatundisf
                0x08000d08                __aeabi_l2f
                0x08000d08                __floatdisf
 .text          0x08000d84      0x2a0 C:/ST/STM32CubeCLT_1.15.1/GNU-tools-for-STM32/bin/../lib/gcc/arm-none-eabi/12.3.1/thumb/v7-m/nofp\libgcc.a(_arm_muldivsf3.o)
                0x08000d84                __mulsf3
                0x08000d84                __aeabi_fmul
                0x08000eec                __aeabi_fdiv
                0x08000eec                __divsf3
 *(.text*)
 .text.__cvt    0x08001024       0xc8 C:/ST/STM32CubeCLT_1.15.1/GNU-tools-for-STM32/bin/../lib/gcc/arm-none-eabi/12.3.1/../../../../arm-none-eabi/lib/thumb/v7-m/nofp\libc_nano.a(libc_a-nano-vfprintf_float.o)
                0x08001024                __cvt
 .text.__exponent
                0x080010ec       0x74 C:/ST/STM32CubeCLT_1.15.1/GNU-tools-for-STM32/bin/../lib/gcc/arm-none-eabi/12.3.1/../../../../arm-none-eabi/lib/thumb/v7-m/nofp\libc_nano.a(libc_a-nano-vfprintf_float.o)
                0x080010ec                __exponent
 .text._printf_float
                0x08001160      0x458 C:/ST/STM32CubeCLT_1.15.1/GNU-tools-for-STM32/bin/../lib/gcc/arm-none-eabi/12.3.1/../../../../arm-none-eabi/lib/thumb/v7-m/nofp\libc_nano.a(libc_a-nano-vfprintf_float.o)
                0x08001160                _printf_float
 .text._printf_common
                0x080015b8       0xe4 C:/ST/STM32CubeCLT_1.15.1/GNU-tools-for-STM32/bin/../lib/gcc/arm-none-eabi/12.3.1/../../../../arm-none-eabi/lib/thumb/v7-m/nofp\libc_nano.a(libc_a-nano-vfprintf_i.o)
                0x080015b8                _printf_common
 .text._printf_i
                0x0800169c      0x240 C:/ST/STM32CubeCLT_1.15.1/GNU-tools-for-STM32/bin/../lib/gcc/arm-none-eabi/12.3.1/../../../../arm-none-eabi/lib/thumb/v7-m/nofp\libc_nano.a(libc_a-nano-vfprintf_i.o)
                0x0800169c                _printf_i
 .text.std      0x080018dc       0x6c C:/ST/STM32CubeCLT_1.15.1/GNU-tools-for-STM32/bin/../lib/gcc/arm-none-eabi/12.3.1/../../../../arm-none-eabi/lib/thumb/v7-m/nofp\libc_nano.a(libc_a-findfp.o)
 .text.stdio_exit_handler
                0x08001948       0x18 C:/ST/STM32CubeCLT_1.15.1/GNU-tools-for-STM32/bin/../lib/gcc/arm-none-eabi/12.3.1/../../../../arm-none-eabi/lib/thumb/v7-m/nofp\libc_nano.a(libc_a-findfp.o)
 .text.cleanup_stdio
                0x08001960       0x40 C:/ST/STM32CubeCLT_1.15.1/GNU-tools-for-STM32/bin/../lib/gcc/arm-none-eabi/12.3.1/../../../../arm-none-eabi/lib/thumb/v7-m/nofp\libc_nano.a(libc_a-findfp.o)
 .text.global_stdio_init.part.0
                0x080019a0       0x3c C:/ST/STM32CubeCLT_1.15.1/GNU-tools-for-STM32/bin/../lib/gcc/arm-none-eabi/12.3.1/../../../../arm-none-eabi/lib/thumb/v7-m/nofp\libc_nano.a(libc_a-findfp.o)
 .text.__sfp_lock_acquire
                0x080019dc        0xc C:/ST/STM32CubeCLT_1.15.1/GNU-tools-for-STM32/bin/../lib/gcc/arm-none-eabi/12.3.1/../../../../arm-none-eabi/lib/thumb/v7-m/nofp\libc_nano.a(libc_a-findfp.o)
                0x080019dc                __sfp_lock_acquire
 .text.__sfp_lock_release
                0x080019e8        0xc C:/ST/STM32CubeCLT_1.15.1/GNU-tools-for-STM32/bin/../lib/gcc/arm-none-eabi/12.3.1/../../../../arm-none-eabi/lib/thumb/v7-m/nofp\libc_nano.a(libc_a-findfp.o)
                0x080019e8                __sfp_lock_release
 .text.__sinit  0x080019f4       0x30 C:/ST/STM32CubeCLT_1.15.1/GNU-tools-for-STM32/bin/../lib/gcc/arm-none-eabi/12.3.1/../../../../arm-none-eabi/lib/thumb/v7-m/nofp\libc_nano.a(libc_a-findfp.o)
                0x080019f4                __sinit
 .text._fwalk_sglue
                0x08001a24       0x3c C:/ST/STM32CubeCLT_1.15.1/GNU-tools-for-STM32/bin/../lib/gcc/arm-none-eabi/12.3.1/../../../../arm-none-eabi/lib/thumb/v7-m/nofp\libc_nano.a(libc_a-fwalk.o)
                0x08001a24                _fwalk_sglue
 .text.__sread  0x08001a60       0x22 C:/ST/STM32CubeCLT_1.15.1/GNU-tools-for-STM32/bin/../lib/gcc/arm-none-eabi/12.3.1/../../../../arm-none-eabi/lib/thumb/v7-m/nofp\libc_nano.a(libc_a-stdio.o)
                0x08001a60                __sread
 .text.__swrite
                0x08001a82       0x38 C:/ST/STM32CubeCLT_1.15.1/GNU-tools-for-STM32/bin/../lib/gcc/arm-none-eabi/12.3.1/../../../../arm-none-eabi/lib/thumb/v7-m/nofp\libc_nano.a(libc_a-stdio.o)
                0x08001a82                __swrite
 .text.__sseek  0x08001aba       0x24 C:/ST/STM32CubeCLT_1.15.1/GNU-tools-for-STM32/bin/../lib/gcc/arm-none-eabi/12.3.1/../../../../arm-none-eabi/lib/thumb/v7-m/nofp\libc_nano.a(libc_a-stdio.o)
                0x08001aba                __sseek
 .text.__sclose
                0x08001ade        0x8 C:/ST/STM32CubeCLT_1.15.1/GNU-tools-for-STM32/bin/../lib/gcc/arm-none-eabi/12.3.1/../../../../arm-none-eabi/lib/thumb/v7-m/nofp\libc_nano.a(libc_a-stdio.o)
                0x08001ade                __sclose
 .text.memset   0x08001ae6       0x10 C:/ST/STM32CubeCLT_1.15.1/GNU-tools-for-STM32/bin/../lib/gcc/arm-none-eabi/12.3.1/../../../../arm-none-eabi/lib/thumb/v7-m/nofp\libc_nano.a(libc_a-memset.o)
                0x08001ae6                memset
 *fill*         0x08001af6        0x2 
 .text._localeconv_r
                0x08001af8        0x8 C:/ST/STM32CubeCLT_1.15.1/GNU-tools-for-STM32/bin/../lib/gcc/arm-none-eabi/12.3.1/../../../../arm-none-eabi/lib/thumb/v7-m/nofp\libc_nano.a(libc_a-localeconv.o)
                0x08001af8                _localeconv_r
 .text._close_r
                0x08001b00       0x20 C:/ST/STM32CubeCLT_1.15.1/GNU-tools-for-STM32/bin/../lib/gcc/arm-none-eabi/12.3.1/../../../../arm-none-eabi/lib/thumb/v7-m/nofp\libc_nano.a(libc_a-closer.o)
                0x08001b00                _close_r
 .text._lseek_r
                0x08001b20       0x24 C:/ST/STM32CubeCLT_1.15.1/GNU-tools-for-STM32/bin/../lib/gcc/arm-none-eabi/12.3.1/../../../../arm-none-eabi/lib/thumb/v7-m/nofp\libc_nano.a(libc_a-lseekr.o)
                0x08001b20                _lseek_r
 .text._read_r  0x08001b44       0x24 C:/ST/STM32CubeCLT_1.15.1/GNU-tools-for-STM32/bin/../lib/gcc/arm-none-eabi/12.3.1/../../../../arm-none-eabi/lib/thumb/v7-m/nofp\libc_nano.a(libc_a-readr.o)
                0x08001b44                _read_r
 .text._write_r
                0x08001b68       0x24 C:/ST/STM32CubeCLT_1.15.1/GNU-tools-for-STM32/bin/../lib/gcc/arm-none-eabi/12.3.1/../../../../arm-none-eabi/lib/thumb/v7-m/nofp\libc_nano.a(libc_a-writer.o)
                0x08001b68                _write_r
 .text.__libc_init_array
                0x08001b8c       0x48 C:/ST/STM32CubeCLT_1.15.1/GNU-tools-for-STM32/bin/../lib/gcc/arm-none-eabi/12.3.1/../../../../arm-none-eabi/lib/thumb/v7-m/nofp\libc_nano.a(libc_a-init.o)
                0x08001b8c                __libc_init_array
 .text.__retarget_lock_init_recursive
                0x08001bd4        0x2 C:/ST/STM32CubeCLT_1.15.1/GNU-tools-for-STM32/bin/../lib/gcc/arm-none-eabi/12.3.1/../../../../arm-none-eabi/lib/thumb/v7-m/nofp\libc_nano.a(libc_a-lock.o)
                0x08001bd4                __retarget_lock_init_recursive
 .text.__retarget_lock_acquire_recursive
                0x08001bd6        0x2 C:/ST/STM32CubeCLT_1.15.1/GNU-tools-for-STM32/bin/../lib/gcc/arm-none-eabi/12.3.1/../../../../arm-none-eabi/lib/thumb/v7-m/nofp\libc_nano.a(libc_a-lock.o)
                0x08001bd6                __retarget_lock_acquire_recursive
 .text.__retarget_lock_release_recursive
                0x08001bd8        0x2 C:/ST/STM32CubeCLT_1.15.1/GNU-tools-for-STM32/bin/../lib/gcc/arm-none-eabi/12.3.1/../../../../arm-none-eabi/lib/thumb/v7-m/nofp\libc_nano.a(libc_a-lock.o)
                0x08001bd8                __retarget_lock_release_recursive
 .text.memchr   0x08001bda       0x1c C:/ST/STM32CubeCLT_1.15.1/GNU-tools-for-STM32/bin/../lib/gcc/arm-none-eabi/12.3.1/../../../../arm-none-eabi/lib/thumb/v7-m/nofp\libc_nano.a(libc_a-memchr-stub.o)
                0x08001bda                memchr
 .text.quorem   0x08001bf6      0x110 C:/ST/STM32CubeCLT_1.15.1/GNU-tools-for-STM32/bin/../lib/gcc/arm-none-eabi/12.3.1/../../../../arm-none-eabi/lib/thumb/v7-m/nofp\libc_nano.a(libc_a-dtoa.o)
 *fill*         0x08001d06        0x2 
 .text._dtoa_r  0x08001d08      0xb90 C:/ST/STM32CubeCLT_1.15.1/GNU-tools-for-STM32/bin/../lib/gcc/arm-none-eabi/12.3.1/../../../../arm-none-eabi/lib/thumb/v7-m/nofp\libc_nano.a(libc_a-dtoa.o)
                0x08001d08                _dtoa_r
 .text._free_r  0x08002898       0x90 C:/ST/STM32CubeCLT_1.15.1/GNU-tools-for-STM32/bin/../lib/gcc/arm-none-eabi/12.3.1/../../../../arm-none-eabi/lib/thumb/v7-m/nofp\libc_nano.a(libc_a-freer.o)
                0x08002898                _free_r
 .text.malloc   0x08002928       0x10 C:/ST/STM32CubeCLT_1.15.1/GNU-tools-for-STM32/bin/../lib/gcc/arm-none-eabi/12.3.1/../../../../arm-none-eabi/lib/thumb/v7-m/nofp\libc_nano.a(libc_a-malloc.o)
                0x08002928                malloc
 .text.sbrk_aligned
                0x08002938       0x44 C:/ST/STM32CubeCLT_1.15.1/GNU-tools-for-STM32/bin/../lib/gcc/arm-none-eabi/12.3.1/../../../../arm-none-eabi/lib/thumb/v7-m/nofp\libc_nano.a(libc_a-mallocr.o)
 .text._malloc_r
                0x0800297c      0x100 C:/ST/STM32CubeCLT_1.15.1/GNU-tools-for-STM32/bin/../lib/gcc/arm-none-eabi/12.3.1/../../../../arm-none-eabi/lib/thumb/v7-m/nofp\libc_nano.a(libc_a-mallocr.o)
                0x0800297c                _malloc_r
 .text.__malloc_lock
                0x08002a7c        0xc C:/ST/STM32CubeCLT_1.15.1/GNU-tools-for-STM32/bin/../lib/gcc/arm-none-eabi/12.3.1/../../../../arm-none-eabi/lib/thumb/v7-m/nofp\libc_nano.a(libc_a-mlock.o)
                0x08002a7c                __malloc_lock
 .text.__malloc_unlock
                0x08002a88        0xc C:/ST/STM32CubeCLT_1.15.1/GNU-tools-for-STM32/bin/../lib/gcc/arm-none-eabi/12.3.1/../../../../arm-none-eabi/lib/thumb/v7-m/nofp\libc_nano.a(libc_a-mlock.o)
                0x08002a88                __malloc_unlock
 .text._Balloc  0x08002a94       0x80 C:/ST/STM32CubeCLT_1.15.1/GNU-tools-for-STM32/bin/../lib/gcc/arm-none-eabi/12.3.1/../../../../arm-none-eabi/lib/thumb/v7-m/nofp\libc_nano.a(libc_a-mprec.o)
                0x08002a94                _Balloc
 .text._Bfree   0x08002b14       0x44 C:/ST/STM32CubeCLT_1.15.1/GNU-tools-for-STM32/bin/../lib/gcc/arm-none-eabi/12.3.1/../../../../arm-none-eabi/lib/thumb/v7-m/nofp\libc_nano.a(libc_a-mprec.o)
                0x08002b14                _Bfree
 .text.__multadd
                0x08002b58       0x8c C:/ST/STM32CubeCLT_1.15.1/GNU-tools-for-STM32/bin/../lib/gcc/arm-none-eabi/12.3.1/../../../../arm-none-eabi/lib/thumb/v7-m/nofp\libc_nano.a(libc_a-mprec.o)
                0x08002b58                __multadd
 .text.__hi0bits
                0x08002be4       0x3e C:/ST/STM32CubeCLT_1.15.1/GNU-tools-for-STM32/bin/../lib/gcc/arm-none-eabi/12.3.1/../../../../arm-none-eabi/lib/thumb/v7-m/nofp\libc_nano.a(libc_a-mprec.o)
                0x08002be4                __hi0bits
 .text.__lo0bits
                0x08002c22       0x5a C:/ST/STM32CubeCLT_1.15.1/GNU-tools-for-STM32/bin/../lib/gcc/arm-none-eabi/12.3.1/../../../../arm-none-eabi/lib/thumb/v7-m/nofp\libc_nano.a(libc_a-mprec.o)
                0x08002c22                __lo0bits
 .text.__i2b    0x08002c7c       0x2c C:/ST/STM32CubeCLT_1.15.1/GNU-tools-for-STM32/bin/../lib/gcc/arm-none-eabi/12.3.1/../../../../arm-none-eabi/lib/thumb/v7-m/nofp\libc_nano.a(libc_a-mprec.o)
                0x08002c7c                __i2b
 .text.__multiply
                0x08002ca8      0x150 C:/ST/STM32CubeCLT_1.15.1/GNU-tools-for-STM32/bin/../lib/gcc/arm-none-eabi/12.3.1/../../../../arm-none-eabi/lib/thumb/v7-m/nofp\libc_nano.a(libc_a-mprec.o)
                0x08002ca8                __multiply
 .text.__pow5mult
                0x08002df8       0xb4 C:/ST/STM32CubeCLT_1.15.1/GNU-tools-for-STM32/bin/../lib/gcc/arm-none-eabi/12.3.1/../../../../arm-none-eabi/lib/thumb/v7-m/nofp\libc_nano.a(libc_a-mprec.o)
                0x08002df8                __pow5mult
 .text.__lshift
                0x08002eac       0xd8 C:/ST/STM32CubeCLT_1.15.1/GNU-tools-for-STM32/bin/../lib/gcc/arm-none-eabi/12.3.1/../../../../arm-none-eabi/lib/thumb/v7-m/nofp\libc_nano.a(libc_a-mprec.o)
                0x08002eac                __lshift
 .text.__mcmp   0x08002f84       0x36 C:/ST/STM32CubeCLT_1.15.1/GNU-tools-for-STM32/bin/../lib/gcc/arm-none-eabi/12.3.1/../../../../arm-none-eabi/lib/thumb/v7-m/nofp\libc_nano.a(libc_a-mprec.o)
                0x08002f84                __mcmp
 *fill*         0x08002fba        0x2 
 .text.__mdiff  0x08002fbc      0x128 C:/ST/STM32CubeCLT_1.15.1/GNU-tools-for-STM32/bin/../lib/gcc/arm-none-eabi/12.3.1/../../../../arm-none-eabi/lib/thumb/v7-m/nofp\libc_nano.a(libc_a-mprec.o)
                0x08002fbc                __mdiff
 .text.__d2b    0x080030e4       0xb0 C:/ST/STM32CubeCLT_1.15.1/GNU-tools-for-STM32/bin/../lib/gcc/arm-none-eabi/12.3.1/../../../../arm-none-eabi/lib/thumb/v7-m/nofp\libc_nano.a(libc_a-mprec.o)
                0x080030e4                __d2b
 .text.__sflush_r
                0x08003194      0x100 C:/ST/STM32CubeCLT_1.15.1/GNU-tools-for-STM32/bin/../lib/gcc/arm-none-eabi/12.3.1/../../../../arm-none-eabi/lib/thumb/v7-m/nofp\libc_nano.a(libc_a-fflush.o)
                0x08003194                __sflush_r
 .text._fflush_r
                0x08003294       0x50 C:/ST/STM32CubeCLT_1.15.1/GNU-tools-for-STM32/bin/../lib/gcc/arm-none-eabi/12.3.1/../../../../arm-none-eabi/lib/thumb/v7-m/nofp\libc_nano.a(libc_a-fflush.o)
                0x08003294                _fflush_r
 .text._sbrk_r  0x080032e4       0x20 C:/ST/STM32CubeCLT_1.15.1/GNU-tools-for-STM32/bin/../lib/gcc/arm-none-eabi/12.3.1/../../../../arm-none-eabi/lib/thumb/v7-m/nofp\libc_nano.a(libc_a-sbrkr.o)
                0x080032e4                _sbrk_r
 .text.memcpy   0x08003304       0x1c C:/ST/STM32CubeCLT_1.15.1/GNU-tools-for-STM32/bin/../lib/gcc/arm-none-eabi/12.3.1/../../../../arm-none-eabi/lib/thumb/v7-m/nofp\libc_nano.a(libc_a-memcpy-stub.o)
                0x08003304                memcpy
 .text.__assert_func
                0x08003320       0x3c C:/ST/STM32CubeCLT_1.15.1/GNU-tools-for-STM32/bin/../lib/gcc/arm-none-eabi/12.3.1/../../../../arm-none-eabi/lib/thumb/v7-m/nofp\libc_nano.a(libc_a-assert.o)
                0x08003320                __assert_func
 .text._calloc_r
                0x0800335c       0x28 C:/ST/STM32CubeCLT_1.15.1/GNU-tools-for-STM32/bin/../lib/gcc/arm-none-eabi/12.3.1/../../../../arm-none-eabi/lib/thumb/v7-m/nofp\libc_nano.a(libc_a-callocr.o)
                0x0800335c                _calloc_r
 .text.__ascii_mbtowc
                0x08003384       0x24 C:/ST/STM32CubeCLT_1.15.1/GNU-tools-for-STM32/bin/../lib/gcc/arm-none-eabi/12.3.1/../../../../arm-none-eabi/lib/thumb/v7-m/nofp\libc_nano.a(libc_a-mbtowc_r.o)
                0x08003384                __ascii_mbtowc
 .text.__ascii_wctomb
                0x080033a8       0x1a C:/ST/STM32CubeCLT_1.15.1/GNU-tools-for-STM32/bin/../lib/gcc/arm-none-eabi/12.3.1/../../../../arm-none-eabi/lib/thumb/v7-m/nofp\libc_nano.a(libc_a-wctomb_r.o)
                0x080033a8                __ascii_wctomb
 *fill*         0x080033c2        0x2 
 .text.fprintf  0x080033c4       0x24 C:/ST/STM32CubeCLT_1.15.1/GNU-tools-for-STM32/bin/../lib/gcc/arm-none-eabi/12.3.1/../../../../arm-none-eabi/lib/thumb/v7-m/nofp\libc_nano.a(libc_a-fprintf.o)
                0x080033c4                fiprintf
                0x080033c4                fprintf
 .text.abort    0x080033e8        0xe C:/ST/STM32CubeCLT_1.15.1/GNU-tools-for-STM32/bin/../lib/gcc/arm-none-eabi/12.3.1/../../../../arm-none-eabi/lib/thumb/v7-m/nofp\libc_nano.a(libc_a-abort.o)
                0x080033e8                abort
 .text.__sfputc_r
                0x080033f6       0x2a C:/ST/STM32CubeCLT_1.15.1/GNU-tools-for-STM32/bin/../lib/gcc/arm-none-eabi/12.3.1/../../../../arm-none-eabi/lib/thumb/v7-m/nofp\libc_nano.a(libc_a-nano-vfprintf.o)
 .text.__sfputs_r
                0x08003420       0x24 C:/ST/STM32CubeCLT_1.15.1/GNU-tools-for-STM32/bin/../lib/gcc/arm-none-eabi/12.3.1/../../../../arm-none-eabi/lib/thumb/v7-m/nofp\libc_nano.a(libc_a-nano-vfprintf.o)
                0x08003420                __sfputs_r
 .text._vfprintf_r
                0x08003444      0x230 C:/ST/STM32CubeCLT_1.15.1/GNU-tools-for-STM32/bin/../lib/gcc/arm-none-eabi/12.3.1/../../../../arm-none-eabi/lib/thumb/v7-m/nofp\libc_nano.a(libc_a-nano-vfprintf.o)
                0x08003444                _vfprintf_r
                0x08003444                _vfiprintf_r
 .text.__swbuf_r
                0x08003674       0x7c C:/ST/STM32CubeCLT_1.15.1/GNU-tools-for-STM32/bin/../lib/gcc/arm-none-eabi/12.3.1/../../../../arm-none-eabi/lib/thumb/v7-m/nofp\libc_nano.a(libc_a-wbuf.o)
                0x08003674                __swbuf_r
 .text.__swsetup_r
                0x080036f0       0xac C:/ST/STM32CubeCLT_1.15.1/GNU-tools-for-STM32/bin/../lib/gcc/arm-none-eabi/12.3.1/../../../../arm-none-eabi/lib/thumb/v7-m/nofp\libc_nano.a(libc_a-wsetup.o)
                0x080036f0                __swsetup_r
 .text.memmove  0x0800379c       0x34 C:/ST/STM32CubeCLT_1.15.1/GNU-tools-for-STM32/bin/../lib/gcc/arm-none-eabi/12.3.1/../../../../arm-none-eabi/lib/thumb/v7-m/nofp\libc_nano.a(libc_a-memmove.o)
                0x0800379c                memmove
 .text._raise_r
                0x080037d0       0x50 C:/ST/STM32CubeCLT_1.15.1/GNU-tools-for-STM32/bin/../lib/gcc/arm-none-eabi/12.3.1/../../../../arm-none-eabi/lib/thumb/v7-m/nofp\libc_nano.a(libc_a-signal.o)
                0x080037d0                _raise_r
 .text.raise    0x08003820       0x10 C:/ST/STM32CubeCLT_1.15.1/GNU-tools-for-STM32/bin/../lib/gcc/arm-none-eabi/12.3.1/../../../../arm-none-eabi/lib/thumb/v7-m/nofp\libc_nano.a(libc_a-signal.o)
                0x08003820                raise
 .text._kill_r  0x08003830       0x24 C:/ST/STM32CubeCLT_1.15.1/GNU-tools-for-STM32/bin/../lib/gcc/arm-none-eabi/12.3.1/../../../../arm-none-eabi/lib/thumb/v7-m/nofp\libc_nano.a(libc_a-signalr.o)
                0x08003830                _kill_r
 .text._getpid_r
                0x08003854        0x4 C:/ST/STM32CubeCLT_1.15.1/GNU-tools-for-STM32/bin/../lib/gcc/arm-none-eabi/12.3.1/../../../../arm-none-eabi/lib/thumb/v7-m/nofp\libc_nano.a(libc_a-signalr.o)
                0x08003854                _getpid_r
 .text._realloc_r
                0x08003858       0x5c C:/ST/STM32CubeCLT_1.15.1/GNU-tools-for-STM32/bin/../lib/gcc/arm-none-eabi/12.3.1/../../../../arm-none-eabi/lib/thumb/v7-m/nofp\libc_nano.a(libc_a-reallocr.o)
                0x08003858                _realloc_r
 .text.__swhatbuf_r
                0x080038b4       0x4a C:/ST/STM32CubeCLT_1.15.1/GNU-tools-for-STM32/bin/../lib/gcc/arm-none-eabi/12.3.1/../../../../arm-none-eabi/lib/thumb/v7-m/nofp\libc_nano.a(libc_a-makebuf.o)
                0x080038b4                __swhatbuf_r
 .text.__smakebuf_r
                0x080038fe       0x78 C:/ST/STM32CubeCLT_1.15.1/GNU-tools-for-STM32/bin/../lib/gcc/arm-none-eabi/12.3.1/../../../../arm-none-eabi/lib/thumb/v7-m/nofp\libc_nano.a(libc_a-makebuf.o)
                0x080038fe                __smakebuf_r
 *fill*         0x08003976        0x2 
 .text._fstat_r
                0x08003978       0x24 C:/ST/STM32CubeCLT_1.15.1/GNU-tools-for-STM32/bin/../lib/gcc/arm-none-eabi/12.3.1/../../../../arm-none-eabi/lib/thumb/v7-m/nofp\libc_nano.a(libc_a-fstatr.o)
                0x08003978                _fstat_r
 .text._isatty_r
                0x0800399c       0x20 C:/ST/STM32CubeCLT_1.15.1/GNU-tools-for-STM32/bin/../lib/gcc/arm-none-eabi/12.3.1/../../../../arm-none-eabi/lib/thumb/v7-m/nofp\libc_nano.a(libc_a-isattyr.o)
                0x0800399c                _isatty_r
 .text._malloc_usable_size_r
                0x080039bc       0x10 C:/ST/STM32CubeCLT_1.15.1/GNU-tools-for-STM32/bin/../lib/gcc/arm-none-eabi/12.3.1/../../../../arm-none-eabi/lib/thumb/v7-m/nofp\libc_nano.a(libc_a-msizer.o)
                0x080039bc                _malloc_usable_size_r
 .text.LogStringToPC
                0x080039cc       0x3c CMakeFiles/FlightController.dir/Core/Src/Tools.c.obj
                0x080039cc                LogStringToPC
 .text.LogFLStringToPC
                0x08003a08       0x38 CMakeFiles/FlightController.dir/Core/Src/Tools.c.obj
                0x08003a08                LogFLStringToPC
 .text.LogError
                0x08003a40       0x3c CMakeFiles/FlightController.dir/Core/Src/Tools.c.obj
                0x08003a40                LogError
 .text.LogInformation
                0x08003a7c       0x64 CMakeFiles/FlightController.dir/Core/Src/Tools.c.obj
                0x08003a7c                LogInformation
 .text.escape_quotes
                0x08003ae0       0xbe CMakeFiles/FlightController.dir/Core/Src/Tools.c.obj
                0x08003ae0                escape_quotes
 *fill*         0x08003b9e        0x2 
 .text.Motors_Init
                0x08003ba0      0x128 CMakeFiles/FlightController.dir/Core/Src/MotorControl.c.obj
                0x08003ba0                Motors_Init
 .text.Motors_SetSpeed
                0x08003cc8       0x68 CMakeFiles/FlightController.dir/Core/Src/MotorControl.c.obj
                0x08003cc8                Motors_SetSpeed
 .text.Motors_UpdateDutyCicle
                0x08003d30       0x74 CMakeFiles/FlightController.dir/Core/Src/MotorControl.c.obj
                0x08003d30                Motors_UpdateDutyCicle
 .text.I2C_ReadRegisters
                0x08003da4      0x150 CMakeFiles/FlightController.dir/Core/Src/MPU6050.c.obj
                0x08003da4                I2C_ReadRegisters
 .text.MPU6050_Init
                0x08003ef4      0x19c CMakeFiles/FlightController.dir/Core/Src/MPU6050.c.obj
                0x08003ef4                MPU6050_Init
 .text.MPU6050_ReadAll
                0x08004090      0x4e8 CMakeFiles/FlightController.dir/Core/Src/MPU6050.c.obj
                0x08004090                MPU6050_ReadAll
 .text.Kalman_GetAngle
                0x08004578      0x2a6 CMakeFiles/FlightController.dir/Core/Src/MPU6050.c.obj
                0x08004578                Kalman_GetAngle
 *fill*         0x0800481e        0x2 
 .text.cs_high  0x08004820       0x18 CMakeFiles/FlightController.dir/Core/Src/NRF24L01P.c.obj
 .text.cs_low   0x08004838       0x18 CMakeFiles/FlightController.dir/Core/Src/NRF24L01P.c.obj
 .text.write_register
                0x08004850       0x5c CMakeFiles/FlightController.dir/Core/Src/NRF24L01P.c.obj
 .text.nrf24l01p_rx_receive
                0x080048ac       0x1a CMakeFiles/FlightController.dir/Core/Src/NRF24L01P.c.obj
                0x080048ac                nrf24l01p_rx_receive
 *fill*         0x080048c6        0x2 
 .text.nrf24l01p_read_rx_fifo
                0x080048c8       0x48 CMakeFiles/FlightController.dir/Core/Src/NRF24L01P.c.obj
                0x080048c8                nrf24l01p_read_rx_fifo
 .text.nrf24l01p_get_status
                0x08004910       0x34 CMakeFiles/FlightController.dir/Core/Src/NRF24L01P.c.obj
                0x08004910                nrf24l01p_get_status
 .text.nrf24l01p_clear_rx_dr
                0x08004944       0x28 CMakeFiles/FlightController.dir/Core/Src/NRF24L01P.c.obj
                0x08004944                nrf24l01p_clear_rx_dr
 .text.PID_Init
                0x0800496c       0x3a CMakeFiles/FlightController.dir/Core/Src/PID.c.obj
                0x0800496c                PID_Init
 *fill*         0x080049a6        0x2 
 .text.PID_Compute
                0x080049a8       0xb8 CMakeFiles/FlightController.dir/Core/Src/PID.c.obj
                0x080049a8                PID_Compute
 .text.KalmanFilter_Init
                0x08004a60       0x3a CMakeFiles/FlightController.dir/Core/Src/KalmanFilter.c.obj
                0x08004a60                KalmanFilter_Init
 .text.KalmanFilter_Update
                0x08004a9a       0xc4 CMakeFiles/FlightController.dir/Core/Src/KalmanFilter.c.obj
                0x08004a9a                KalmanFilter_Update
 *fill*         0x08004b5e        0x2 
 .text.main     0x08004b60      0x6b4 CMakeFiles/FlightController.dir/Core/Src/main.c.obj
                0x08004b60                main
 .text.SystemClock_Config
                0x08005214       0x82 CMakeFiles/FlightController.dir/Core/Src/main.c.obj
                0x08005214                SystemClock_Config
 *fill*         0x08005296        0x2 
 .text.MX_I2C1_Init
                0x08005298       0x5c CMakeFiles/FlightController.dir/Core/Src/main.c.obj
 .text.MX_SPI1_Init
                0x080052f4       0x6c CMakeFiles/FlightController.dir/Core/Src/main.c.obj
 .text.MX_TIM1_Init
                0x08005360      0x140 CMakeFiles/FlightController.dir/Core/Src/main.c.obj
 .text.MX_TIM2_Init
                0x080054a0       0xec CMakeFiles/FlightController.dir/Core/Src/main.c.obj
 .text.MX_TIM3_Init
                0x0800558c       0xec CMakeFiles/FlightController.dir/Core/Src/main.c.obj
 .text.MX_TIM4_Init
                0x08005678       0xec CMakeFiles/FlightController.dir/Core/Src/main.c.obj
 .text.MX_USART1_UART_Init
                0x08005764       0x54 CMakeFiles/FlightController.dir/Core/Src/main.c.obj
 .text.MX_GPIO_Init
                0x080057b8      0x13c CMakeFiles/FlightController.dir/Core/Src/main.c.obj
 .text.HAL_UART_RxCpltCallback
                0x080058f4       0x7c CMakeFiles/FlightController.dir/Core/Src/main.c.obj
                0x080058f4                HAL_UART_RxCpltCallback
 .text.HAL_GPIO_EXTI_Callback
                0x08005970       0x54 CMakeFiles/FlightController.dir/Core/Src/main.c.obj
                0x08005970                HAL_GPIO_EXTI_Callback
 .text.Error_Handler
                0x080059c4        0xc CMakeFiles/FlightController.dir/Core/Src/main.c.obj
                0x080059c4                Error_Handler
 .text.NMI_Handler
                0x080059d0        0x8 CMakeFiles/FlightController.dir/Core/Src/stm32f1xx_it.c.obj
                0x080059d0                NMI_Handler
 .text.HardFault_Handler
                0x080059d8        0x8 CMakeFiles/FlightController.dir/Core/Src/stm32f1xx_it.c.obj
                0x080059d8                HardFault_Handler
 .text.MemManage_Handler
                0x080059e0        0x8 CMakeFiles/FlightController.dir/Core/Src/stm32f1xx_it.c.obj
                0x080059e0                MemManage_Handler
 .text.BusFault_Handler
                0x080059e8        0x8 CMakeFiles/FlightController.dir/Core/Src/stm32f1xx_it.c.obj
                0x080059e8                BusFault_Handler
 .text.UsageFault_Handler
                0x080059f0        0x8 CMakeFiles/FlightController.dir/Core/Src/stm32f1xx_it.c.obj
                0x080059f0                UsageFault_Handler
 .text.SVC_Handler
                0x080059f8        0xc CMakeFiles/FlightController.dir/Core/Src/stm32f1xx_it.c.obj
                0x080059f8                SVC_Handler
 .text.DebugMon_Handler
                0x08005a04        0xc CMakeFiles/FlightController.dir/Core/Src/stm32f1xx_it.c.obj
                0x08005a04                DebugMon_Handler
 .text.PendSV_Handler
                0x08005a10        0xc CMakeFiles/FlightController.dir/Core/Src/stm32f1xx_it.c.obj
                0x08005a10                PendSV_Handler
 .text.SysTick_Handler
                0x08005a1c        0xc CMakeFiles/FlightController.dir/Core/Src/stm32f1xx_it.c.obj
                0x08005a1c                SysTick_Handler
 .text.USART1_IRQHandler
                0x08005a28       0x14 CMakeFiles/FlightController.dir/Core/Src/stm32f1xx_it.c.obj
                0x08005a28                USART1_IRQHandler
 .text.EXTI15_10_IRQHandler
                0x08005a3c       0x18 CMakeFiles/FlightController.dir/Core/Src/stm32f1xx_it.c.obj
                0x08005a3c                EXTI15_10_IRQHandler
 .text.HAL_MspInit
                0x08005a54       0x64 CMakeFiles/FlightController.dir/Core/Src/stm32f1xx_hal_msp.c.obj
                0x08005a54                HAL_MspInit
 .text.HAL_I2C_MspInit
                0x08005ab8       0xa0 CMakeFiles/FlightController.dir/Core/Src/stm32f1xx_hal_msp.c.obj
                0x08005ab8                HAL_I2C_MspInit
 .text.HAL_SPI_MspInit
                0x08005b58       0xb4 CMakeFiles/FlightController.dir/Core/Src/stm32f1xx_hal_msp.c.obj
                0x08005b58                HAL_SPI_MspInit
 .text.HAL_TIM_Base_MspInit
                0x08005c0c       0xb0 CMakeFiles/FlightController.dir/Core/Src/stm32f1xx_hal_msp.c.obj
                0x08005c0c                HAL_TIM_Base_MspInit
 .text.HAL_TIM_MspPostInit
                0x08005cbc      0x128 CMakeFiles/FlightController.dir/Core/Src/stm32f1xx_hal_msp.c.obj
                0x08005cbc                HAL_TIM_MspPostInit
 .text.HAL_UART_MspInit
                0x08005de4       0xa8 CMakeFiles/FlightController.dir/Core/Src/stm32f1xx_hal_msp.c.obj
                0x08005de4                HAL_UART_MspInit
 .text.HAL_I2C_Init
                0x08005e8c      0x288 CMakeFiles/FlightController.dir/Drivers/STM32F1xx_HAL_Driver/Src/stm32f1xx_hal_i2c.c.obj
                0x08005e8c                HAL_I2C_Init
 .text.HAL_I2C_Mem_Write
                0x08006114      0x1f4 CMakeFiles/FlightController.dir/Drivers/STM32F1xx_HAL_Driver/Src/stm32f1xx_hal_i2c.c.obj
                0x08006114                HAL_I2C_Mem_Write
 .text.HAL_I2C_Mem_Read
                0x08006308      0x4d0 CMakeFiles/FlightController.dir/Drivers/STM32F1xx_HAL_Driver/Src/stm32f1xx_hal_i2c.c.obj
                0x08006308                HAL_I2C_Mem_Read
 .text.HAL_I2C_IsDeviceReady
                0x080067d8      0x25c CMakeFiles/FlightController.dir/Drivers/STM32F1xx_HAL_Driver/Src/stm32f1xx_hal_i2c.c.obj
                0x080067d8                HAL_I2C_IsDeviceReady
 .text.I2C_RequestMemoryWrite
                0x08006a34      0x12c CMakeFiles/FlightController.dir/Drivers/STM32F1xx_HAL_Driver/Src/stm32f1xx_hal_i2c.c.obj
 .text.I2C_RequestMemoryRead
                0x08006b60      0x1d0 CMakeFiles/FlightController.dir/Drivers/STM32F1xx_HAL_Driver/Src/stm32f1xx_hal_i2c.c.obj
 .text.I2C_WaitOnFlagUntilTimeout
                0x08006d30       0xf4 CMakeFiles/FlightController.dir/Drivers/STM32F1xx_HAL_Driver/Src/stm32f1xx_hal_i2c.c.obj
 .text.I2C_WaitOnMasterAddressFlagUntilTimeout
                0x08006e24      0x140 CMakeFiles/FlightController.dir/Drivers/STM32F1xx_HAL_Driver/Src/stm32f1xx_hal_i2c.c.obj
 .text.I2C_WaitOnTXEFlagUntilTimeout
                0x08006f64       0x90 CMakeFiles/FlightController.dir/Drivers/STM32F1xx_HAL_Driver/Src/stm32f1xx_hal_i2c.c.obj
 .text.I2C_WaitOnBTFFlagUntilTimeout
                0x08006ff4       0x90 CMakeFiles/FlightController.dir/Drivers/STM32F1xx_HAL_Driver/Src/stm32f1xx_hal_i2c.c.obj
 .text.I2C_WaitOnRXNEFlagUntilTimeout
                0x08007084       0xba CMakeFiles/FlightController.dir/Drivers/STM32F1xx_HAL_Driver/Src/stm32f1xx_hal_i2c.c.obj
 .text.I2C_IsAcknowledgeFailed
                0x0800713e       0x5c CMakeFiles/FlightController.dir/Drivers/STM32F1xx_HAL_Driver/Src/stm32f1xx_hal_i2c.c.obj
 *fill*         0x0800719a        0x2 
 .text.HAL_Init
                0x0800719c       0x2c CMakeFiles/FlightController.dir/Drivers/STM32F1xx_HAL_Driver/Src/stm32f1xx_hal.c.obj
                0x0800719c                HAL_Init
 .text.HAL_InitTick
                0x080071c8       0x60 CMakeFiles/FlightController.dir/Drivers/STM32F1xx_HAL_Driver/Src/stm32f1xx_hal.c.obj
                0x080071c8                HAL_InitTick
 .text.HAL_IncTick
                0x08007228       0x24 CMakeFiles/FlightController.dir/Drivers/STM32F1xx_HAL_Driver/Src/stm32f1xx_hal.c.obj
                0x08007228                HAL_IncTick
 .text.HAL_GetTick
                0x0800724c       0x14 CMakeFiles/FlightController.dir/Drivers/STM32F1xx_HAL_Driver/Src/stm32f1xx_hal.c.obj
                0x0800724c                HAL_GetTick
 .text.HAL_Delay
                0x08007260       0x48 CMakeFiles/FlightController.dir/Drivers/STM32F1xx_HAL_Driver/Src/stm32f1xx_hal.c.obj
                0x08007260                HAL_Delay
 .text.HAL_RCC_OscConfig
                0x080072a8      0x504 CMakeFiles/FlightController.dir/Drivers/STM32F1xx_HAL_Driver/Src/stm32f1xx_hal_rcc.c.obj
                0x080072a8                HAL_RCC_OscConfig
 .text.HAL_RCC_ClockConfig
                0x080077ac      0x1d4 CMakeFiles/FlightController.dir/Drivers/STM32F1xx_HAL_Driver/Src/stm32f1xx_hal_rcc.c.obj
                0x080077ac                HAL_RCC_ClockConfig
 .text.HAL_RCC_GetSysClockFreq
                0x08007980       0xa8 CMakeFiles/FlightController.dir/Drivers/STM32F1xx_HAL_Driver/Src/stm32f1xx_hal_rcc.c.obj
                0x08007980                HAL_RCC_GetSysClockFreq
 .text.HAL_RCC_GetHCLKFreq
                0x08007a28       0x14 CMakeFiles/FlightController.dir/Drivers/STM32F1xx_HAL_Driver/Src/stm32f1xx_hal_rcc.c.obj
                0x08007a28                HAL_RCC_GetHCLKFreq
 .text.HAL_RCC_GetPCLK1Freq
                0x08007a3c       0x28 CMakeFiles/FlightController.dir/Drivers/STM32F1xx_HAL_Driver/Src/stm32f1xx_hal_rcc.c.obj
                0x08007a3c                HAL_RCC_GetPCLK1Freq
 .text.HAL_RCC_GetPCLK2Freq
                0x08007a64       0x28 CMakeFiles/FlightController.dir/Drivers/STM32F1xx_HAL_Driver/Src/stm32f1xx_hal_rcc.c.obj
                0x08007a64                HAL_RCC_GetPCLK2Freq
 .text.RCC_Delay
                0x08007a8c       0x3c CMakeFiles/FlightController.dir/Drivers/STM32F1xx_HAL_Driver/Src/stm32f1xx_hal_rcc.c.obj
 .text.HAL_GPIO_Init
                0x08007ac8      0x308 CMakeFiles/FlightController.dir/Drivers/STM32F1xx_HAL_Driver/Src/stm32f1xx_hal_gpio.c.obj
                0x08007ac8                HAL_GPIO_Init
 .text.HAL_GPIO_WritePin
                0x08007dd0       0x30 CMakeFiles/FlightController.dir/Drivers/STM32F1xx_HAL_Driver/Src/stm32f1xx_hal_gpio.c.obj
                0x08007dd0                HAL_GPIO_WritePin
 .text.HAL_GPIO_EXTI_IRQHandler
                0x08007e00       0x30 CMakeFiles/FlightController.dir/Drivers/STM32F1xx_HAL_Driver/Src/stm32f1xx_hal_gpio.c.obj
                0x08007e00                HAL_GPIO_EXTI_IRQHandler
 .text.HAL_DMA_Abort
                0x08007e30       0x76 CMakeFiles/FlightController.dir/Drivers/STM32F1xx_HAL_Driver/Src/stm32f1xx_hal_dma.c.obj
                0x08007e30                HAL_DMA_Abort
 *fill*         0x08007ea6        0x2 
 .text.HAL_DMA_Abort_IT
                0x08007ea8       0xf0 CMakeFiles/FlightController.dir/Drivers/STM32F1xx_HAL_Driver/Src/stm32f1xx_hal_dma.c.obj
                0x08007ea8                HAL_DMA_Abort_IT
 .text.__NVIC_SetPriorityGrouping
                0x08007f98       0x48 CMakeFiles/FlightController.dir/Drivers/STM32F1xx_HAL_Driver/Src/stm32f1xx_hal_cortex.c.obj
 .text.__NVIC_GetPriorityGrouping
                0x08007fe0       0x1c CMakeFiles/FlightController.dir/Drivers/STM32F1xx_HAL_Driver/Src/stm32f1xx_hal_cortex.c.obj
 .text.__NVIC_EnableIRQ
                0x08007ffc       0x38 CMakeFiles/FlightController.dir/Drivers/STM32F1xx_HAL_Driver/Src/stm32f1xx_hal_cortex.c.obj
 .text.__NVIC_SetPriority
                0x08008034       0x54 CMakeFiles/FlightController.dir/Drivers/STM32F1xx_HAL_Driver/Src/stm32f1xx_hal_cortex.c.obj
 .text.NVIC_EncodePriority
                0x08008088       0x64 CMakeFiles/FlightController.dir/Drivers/STM32F1xx_HAL_Driver/Src/stm32f1xx_hal_cortex.c.obj
 .text.SysTick_Config
                0x080080ec       0x44 CMakeFiles/FlightController.dir/Drivers/STM32F1xx_HAL_Driver/Src/stm32f1xx_hal_cortex.c.obj
 .text.HAL_NVIC_SetPriorityGrouping
                0x08008130       0x16 CMakeFiles/FlightController.dir/Drivers/STM32F1xx_HAL_Driver/Src/stm32f1xx_hal_cortex.c.obj
                0x08008130                HAL_NVIC_SetPriorityGrouping
 .text.HAL_NVIC_SetPriority
                0x08008146       0x38 CMakeFiles/FlightController.dir/Drivers/STM32F1xx_HAL_Driver/Src/stm32f1xx_hal_cortex.c.obj
                0x08008146                HAL_NVIC_SetPriority
 .text.HAL_NVIC_EnableIRQ
                0x0800817e       0x1c CMakeFiles/FlightController.dir/Drivers/STM32F1xx_HAL_Driver/Src/stm32f1xx_hal_cortex.c.obj
                0x0800817e                HAL_NVIC_EnableIRQ
 .text.HAL_SYSTICK_Config
                0x0800819a       0x18 CMakeFiles/FlightController.dir/Drivers/STM32F1xx_HAL_Driver/Src/stm32f1xx_hal_cortex.c.obj
                0x0800819a                HAL_SYSTICK_Config
 .text.HAL_SPI_Init
                0x080081b2      0x108 CMakeFiles/FlightController.dir/Drivers/STM32F1xx_HAL_Driver/Src/stm32f1xx_hal_spi.c.obj
                0x080081b2                HAL_SPI_Init
 .text.HAL_SPI_Transmit
                0x080082ba      0x286 CMakeFiles/FlightController.dir/Drivers/STM32F1xx_HAL_Driver/Src/stm32f1xx_hal_spi.c.obj
                0x080082ba                HAL_SPI_Transmit
 .text.HAL_SPI_Receive
                0x08008540      0x230 CMakeFiles/FlightController.dir/Drivers/STM32F1xx_HAL_Driver/Src/stm32f1xx_hal_spi.c.obj
                0x08008540                HAL_SPI_Receive
 .text.HAL_SPI_TransmitReceive
                0x08008770      0x360 CMakeFiles/FlightController.dir/Drivers/STM32F1xx_HAL_Driver/Src/stm32f1xx_hal_spi.c.obj
                0x08008770                HAL_SPI_TransmitReceive
 .text.SPI_WaitFlagStateUntilTimeout
                0x08008ad0      0x110 CMakeFiles/FlightController.dir/Drivers/STM32F1xx_HAL_Driver/Src/stm32f1xx_hal_spi.c.obj
 .text.SPI_EndRxTransaction
                0x08008be0       0xa4 CMakeFiles/FlightController.dir/Drivers/STM32F1xx_HAL_Driver/Src/stm32f1xx_hal_spi.c.obj
 .text.SPI_EndRxTxTransaction
                0x08008c84       0x3c CMakeFiles/FlightController.dir/Drivers/STM32F1xx_HAL_Driver/Src/stm32f1xx_hal_spi.c.obj
 .text.HAL_TIM_Base_Init
                0x08008cc0       0x9e CMakeFiles/FlightController.dir/Drivers/STM32F1xx_HAL_Driver/Src/stm32f1xx_hal_tim.c.obj
                0x08008cc0                HAL_TIM_Base_Init
 .text.HAL_TIM_PWM_Init
                0x08008d5e       0x9e CMakeFiles/FlightController.dir/Drivers/STM32F1xx_HAL_Driver/Src/stm32f1xx_hal_tim.c.obj
                0x08008d5e                HAL_TIM_PWM_Init
 .text.HAL_TIM_PWM_MspInit
                0x08008dfc       0x12 CMakeFiles/FlightController.dir/Drivers/STM32F1xx_HAL_Driver/Src/stm32f1xx_hal_tim.c.obj
                0x08008dfc                HAL_TIM_PWM_MspInit
 *fill*         0x08008e0e        0x2 
 .text.HAL_TIM_PWM_Start
                0x08008e10      0x144 CMakeFiles/FlightController.dir/Drivers/STM32F1xx_HAL_Driver/Src/stm32f1xx_hal_tim.c.obj
                0x08008e10                HAL_TIM_PWM_Start
 .text.HAL_TIM_PWM_ConfigChannel
                0x08008f54      0x184 CMakeFiles/FlightController.dir/Drivers/STM32F1xx_HAL_Driver/Src/stm32f1xx_hal_tim.c.obj
                0x08008f54                HAL_TIM_PWM_ConfigChannel
 .text.HAL_TIM_ConfigClockSource
                0x080090d8      0x18e CMakeFiles/FlightController.dir/Drivers/STM32F1xx_HAL_Driver/Src/stm32f1xx_hal_tim.c.obj
                0x080090d8                HAL_TIM_ConfigClockSource
 *fill*         0x08009266        0x2 
 .text.TIM_Base_SetConfig
                0x08009268       0xc4 CMakeFiles/FlightController.dir/Drivers/STM32F1xx_HAL_Driver/Src/stm32f1xx_hal_tim.c.obj
                0x08009268                TIM_Base_SetConfig
 .text.TIM_OC1_SetConfig
                0x0800932c       0xcc CMakeFiles/FlightController.dir/Drivers/STM32F1xx_HAL_Driver/Src/stm32f1xx_hal_tim.c.obj
 .text.TIM_OC2_SetConfig
                0x080093f8       0xd4 CMakeFiles/FlightController.dir/Drivers/STM32F1xx_HAL_Driver/Src/stm32f1xx_hal_tim.c.obj
                0x080093f8                TIM_OC2_SetConfig
 .text.TIM_OC3_SetConfig
                0x080094cc       0xd4 CMakeFiles/FlightController.dir/Drivers/STM32F1xx_HAL_Driver/Src/stm32f1xx_hal_tim.c.obj
 .text.TIM_OC4_SetConfig
                0x080095a0       0x9c CMakeFiles/FlightController.dir/Drivers/STM32F1xx_HAL_Driver/Src/stm32f1xx_hal_tim.c.obj
 .text.TIM_TI1_ConfigInputStage
                0x0800963c       0x5c CMakeFiles/FlightController.dir/Drivers/STM32F1xx_HAL_Driver/Src/stm32f1xx_hal_tim.c.obj
 .text.TIM_TI2_ConfigInputStage
                0x08009698       0x5e CMakeFiles/FlightController.dir/Drivers/STM32F1xx_HAL_Driver/Src/stm32f1xx_hal_tim.c.obj
 .text.TIM_ITRx_SetConfig
                0x080096f6       0x34 CMakeFiles/FlightController.dir/Drivers/STM32F1xx_HAL_Driver/Src/stm32f1xx_hal_tim.c.obj
 .text.TIM_ETR_SetConfig
                0x0800972a       0x3e CMakeFiles/FlightController.dir/Drivers/STM32F1xx_HAL_Driver/Src/stm32f1xx_hal_tim.c.obj
                0x0800972a                TIM_ETR_SetConfig
 .text.TIM_CCxChannelCmd
                0x08009768       0x48 CMakeFiles/FlightController.dir/Drivers/STM32F1xx_HAL_Driver/Src/stm32f1xx_hal_tim.c.obj
                0x08009768                TIM_CCxChannelCmd
 .text.HAL_TIMEx_MasterConfigSynchronization
                0x080097b0       0xbc CMakeFiles/FlightController.dir/Drivers/STM32F1xx_HAL_Driver/Src/stm32f1xx_hal_tim_ex.c.obj
                0x080097b0                HAL_TIMEx_MasterConfigSynchronization
 .text.HAL_TIMEx_ConfigBreakDeadTime
                0x0800986c       0xa2 CMakeFiles/FlightController.dir/Drivers/STM32F1xx_HAL_Driver/Src/stm32f1xx_hal_tim_ex.c.obj
                0x0800986c                HAL_TIMEx_ConfigBreakDeadTime
 .text.HAL_UART_Init
                0x0800990e       0xa0 CMakeFiles/FlightController.dir/Drivers/STM32F1xx_HAL_Driver/Src/stm32f1xx_hal_uart.c.obj
                0x0800990e                HAL_UART_Init
 .text.HAL_UART_Transmit
                0x080099ae      0x106 CMakeFiles/FlightController.dir/Drivers/STM32F1xx_HAL_Driver/Src/stm32f1xx_hal_uart.c.obj
                0x080099ae                HAL_UART_Transmit
 .text.HAL_UART_Receive_IT
                0x08009ab4       0x4a CMakeFiles/FlightController.dir/Drivers/STM32F1xx_HAL_Driver/Src/stm32f1xx_hal_uart.c.obj
                0x08009ab4                HAL_UART_Receive_IT
 *fill*         0x08009afe        0x2 
 .text.HAL_UART_IRQHandler
                0x08009b00      0x524 CMakeFiles/FlightController.dir/Drivers/STM32F1xx_HAL_Driver/Src/stm32f1xx_hal_uart.c.obj
                0x08009b00                HAL_UART_IRQHandler
 .text.HAL_UART_TxCpltCallback
                0x0800a024       0x12 CMakeFiles/FlightController.dir/Drivers/STM32F1xx_HAL_Driver/Src/stm32f1xx_hal_uart.c.obj
                0x0800a024                HAL_UART_TxCpltCallback
 .text.HAL_UART_ErrorCallback
                0x0800a036       0x12 CMakeFiles/FlightController.dir/Drivers/STM32F1xx_HAL_Driver/Src/stm32f1xx_hal_uart.c.obj
                0x0800a036                HAL_UART_ErrorCallback
 .text.HAL_UARTEx_RxEventCallback
                0x0800a048       0x16 CMakeFiles/FlightController.dir/Drivers/STM32F1xx_HAL_Driver/Src/stm32f1xx_hal_uart.c.obj
                0x0800a048                HAL_UARTEx_RxEventCallback
 .text.UART_WaitOnFlagUntilTimeout
                0x0800a05e       0xdc CMakeFiles/FlightController.dir/Drivers/STM32F1xx_HAL_Driver/Src/stm32f1xx_hal_uart.c.obj
 .text.UART_Start_Receive_IT
                0x0800a13a       0x72 CMakeFiles/FlightController.dir/Drivers/STM32F1xx_HAL_Driver/Src/stm32f1xx_hal_uart.c.obj
                0x0800a13a                UART_Start_Receive_IT
 .text.UART_EndRxTransfer
                0x0800a1ac       0xc4 CMakeFiles/FlightController.dir/Drivers/STM32F1xx_HAL_Driver/Src/stm32f1xx_hal_uart.c.obj
 .text.UART_DMAAbortOnError
                0x0800a270       0x28 CMakeFiles/FlightController.dir/Drivers/STM32F1xx_HAL_Driver/Src/stm32f1xx_hal_uart.c.obj
 .text.UART_Transmit_IT
                0x0800a298       0x9e CMakeFiles/FlightController.dir/Drivers/STM32F1xx_HAL_Driver/Src/stm32f1xx_hal_uart.c.obj
 .text.UART_EndTransmit_IT
                0x0800a336       0x30 CMakeFiles/FlightController.dir/Drivers/STM32F1xx_HAL_Driver/Src/stm32f1xx_hal_uart.c.obj
 .text.UART_Receive_IT
                0x0800a366      0x17c CMakeFiles/FlightController.dir/Drivers/STM32F1xx_HAL_Driver/Src/stm32f1xx_hal_uart.c.obj
 *fill*         0x0800a4e2        0x2 
 .text.UART_SetConfig
                0x0800a4e4      0x11c CMakeFiles/FlightController.dir/Drivers/STM32F1xx_HAL_Driver/Src/stm32f1xx_hal_uart.c.obj
 .text.SystemInit
                0x0800a600        0xc CMakeFiles/FlightController.dir/Core/Src/system_stm32f1xx.c.obj
                0x0800a600                SystemInit
 .text._sbrk    0x0800a60c       0x6c CMakeFiles/FlightController.dir/Core/Src/sysmem.c.obj
                0x0800a60c                _sbrk
 .text._getpid  0x0800a678        0xe CMakeFiles/FlightController.dir/Core/Src/syscalls.c.obj
                0x0800a678                _getpid
 .text._kill    0x0800a686       0x20 CMakeFiles/FlightController.dir/Core/Src/syscalls.c.obj
                0x0800a686                _kill
 .text._exit    0x0800a6a6       0x16 CMakeFiles/FlightController.dir/Core/Src/syscalls.c.obj
                0x0800a6a6                _exit
 .text._read    0x0800a6bc       0x3a CMakeFiles/FlightController.dir/Core/Src/syscalls.c.obj
                0x0800a6bc                _read
 .text._write   0x0800a6f6       0x38 CMakeFiles/FlightController.dir/Core/Src/syscalls.c.obj
                0x0800a6f6                _write
 .text._close   0x0800a72e       0x16 CMakeFiles/FlightController.dir/Core/Src/syscalls.c.obj
                0x0800a72e                _close
 .text._fstat   0x0800a744       0x1e CMakeFiles/FlightController.dir/Core/Src/syscalls.c.obj
                0x0800a744                _fstat
 .text._isatty  0x0800a762       0x14 CMakeFiles/FlightController.dir/Core/Src/syscalls.c.obj
                0x0800a762                _isatty
 .text._lseek   0x0800a776       0x18 CMakeFiles/FlightController.dir/Core/Src/syscalls.c.obj
                0x0800a776                _lseek
 *fill*         0x0800a78e        0x2 
 .text.Reset_Handler
                0x0800a790       0x48 CMakeFiles/FlightController.dir/startup_stm32f103xb.s.obj
                0x0800a790                Reset_Handler
 .text.Default_Handler
                0x0800a7d8        0x2 CMakeFiles/FlightController.dir/startup_stm32f103xb.s.obj
                0x0800a7d8                RTC_Alarm_IRQHandler
                0x0800a7d8                EXTI2_IRQHandler
                0x0800a7d8                TIM1_CC_IRQHandler
                0x0800a7d8                PVD_IRQHandler
                0x0800a7d8                EXTI3_IRQHandler
                0x0800a7d8                EXTI0_IRQHandler
                0x0800a7d8                I2C2_EV_IRQHandler
                0x0800a7d8                ADC1_2_IRQHandler
                0x0800a7d8                SPI1_IRQHandler
                0x0800a7d8                TAMPER_IRQHandler
                0x0800a7d8                DMA1_Channel4_IRQHandler
                0x0800a7d8                USART3_IRQHandler
                0x0800a7d8                RTC_IRQHandler
                0x0800a7d8                DMA1_Channel7_IRQHandler
                0x0800a7d8                CAN1_RX1_IRQHandler
                0x0800a7d8                TIM4_IRQHandler
                0x0800a7d8                I2C1_EV_IRQHandler
                0x0800a7d8                DMA1_Channel6_IRQHandler
                0x0800a7d8                TIM3_IRQHandler
                0x0800a7d8                RCC_IRQHandler
                0x0800a7d8                TIM1_TRG_COM_IRQHandler
                0x0800a7d8                DMA1_Channel1_IRQHandler
                0x0800a7d8                Default_Handler
                0x0800a7d8                EXTI9_5_IRQHandler
                0x0800a7d8                SPI2_IRQHandler
                0x0800a7d8                DMA1_Channel5_IRQHandler
                0x0800a7d8                EXTI4_IRQHandler
                0x0800a7d8                USB_LP_CAN1_RX0_IRQHandler
                0x0800a7d8                USB_HP_CAN1_TX_IRQHandler
                0x0800a7d8                DMA1_Channel3_IRQHandler
                0x0800a7d8                TIM1_UP_IRQHandler
                0x0800a7d8                WWDG_IRQHandler
                0x0800a7d8                TIM2_IRQHandler
                0x0800a7d8                TIM1_BRK_IRQHandler
                0x0800a7d8                EXTI1_IRQHandler
                0x0800a7d8                USART2_IRQHandler
                0x0800a7d8                I2C2_ER_IRQHandler
                0x0800a7d8                DMA1_Channel2_IRQHandler
                0x0800a7d8                CAN1_SCE_IRQHandler
                0x0800a7d8                FLASH_IRQHandler
                0x0800a7d8                I2C1_ER_IRQHandler
                0x0800a7d8                USBWakeUp_IRQHandler
 *fill*         0x0800a7da        0x2 
 .text.sprintf  0x0800a7dc       0x40 C:/ST/STM32CubeCLT_1.15.1/GNU-tools-for-STM32/bin/../lib/gcc/arm-none-eabi/12.3.1/../../../../arm-none-eabi/lib/thumb/v7-m/nofp\libg_nano.a(libc_a-sprintf.o)
                0x0800a7dc                siprintf
                0x0800a7dc                sprintf
 .text.__errno  0x0800a81c        0xc C:/ST/STM32CubeCLT_1.15.1/GNU-tools-for-STM32/bin/../lib/gcc/arm-none-eabi/12.3.1/../../../../arm-none-eabi/lib/thumb/v7-m/nofp\libg_nano.a(libc_a-errno.o)
                0x0800a81c                __errno
 .text.__ssputs_r
                0x0800a828       0xb6 C:/ST/STM32CubeCLT_1.15.1/GNU-tools-for-STM32/bin/../lib/gcc/arm-none-eabi/12.3.1/../../../../arm-none-eabi/lib/thumb/v7-m/nofp\libg_nano.a(libc_a-nano-svfprintf.o)
                0x0800a828                __ssputs_r
 *fill*         0x0800a8de        0x2 
 .text._svfprintf_r
                0x0800a8e0      0x1f8 C:/ST/STM32CubeCLT_1.15.1/GNU-tools-for-STM32/bin/../lib/gcc/arm-none-eabi/12.3.1/../../../../arm-none-eabi/lib/thumb/v7-m/nofp\libg_nano.a(libc_a-nano-svfprintf.o)
                0x0800a8e0                _svfiprintf_r
                0x0800a8e0                _svfprintf_r
 .text.atan2    0x0800aad8        0x4 C:/ST/STM32CubeCLT_1.15.1/GNU-tools-for-STM32/bin/../lib/gcc/arm-none-eabi/12.3.1/../../../../arm-none-eabi/lib/thumb/v7-m/nofp\libm.a(libm_a-w_atan2.o)
                0x0800aad8                atan2
 .text.sqrt     0x0800aadc       0x48 C:/ST/STM32CubeCLT_1.15.1/GNU-tools-for-STM32/bin/../lib/gcc/arm-none-eabi/12.3.1/../../../../arm-none-eabi/lib/thumb/v7-m/nofp\libm.a(libm_a-w_sqrt.o)
                0x0800aadc                sqrt
 *fill*         0x0800ab24        0x4 
 .text.atan     0x0800ab28      0x320 C:/ST/STM32CubeCLT_1.15.1/GNU-tools-for-STM32/bin/../lib/gcc/arm-none-eabi/12.3.1/../../../../arm-none-eabi/lib/thumb/v7-m/nofp\libm.a(libm_a-s_atan.o)
                0x0800ab28                atan
 .text.cos      0x0800ae48       0x8c C:/ST/STM32CubeCLT_1.15.1/GNU-tools-for-STM32/bin/../lib/gcc/arm-none-eabi/12.3.1/../../../../arm-none-eabi/lib/thumb/v7-m/nofp\libm.a(libm_a-s_cos.o)
                0x0800ae48                cos
 .text.fabs     0x0800aed4        0x8 C:/ST/STM32CubeCLT_1.15.1/GNU-tools-for-STM32/bin/../lib/gcc/arm-none-eabi/12.3.1/../../../../arm-none-eabi/lib/thumb/v7-m/nofp\libm.a(libm_a-s_fabs.o)
                0x0800aed4                fabs
 .text.__ieee754_sqrt
                0x0800aedc      0x1ac C:/ST/STM32CubeCLT_1.15.1/GNU-tools-for-STM32/bin/../lib/gcc/arm-none-eabi/12.3.1/../../../../arm-none-eabi/lib/thumb/v7-m/nofp\libm.a(libm_a-e_sqrt.o)
                0x0800aedc                __ieee754_sqrt
 .text.__kernel_cos
                0x0800b088      0x17c C:/ST/STM32CubeCLT_1.15.1/GNU-tools-for-STM32/bin/../lib/gcc/arm-none-eabi/12.3.1/../../../../arm-none-eabi/lib/thumb/v7-m/nofp\libm.a(libm_a-k_cos.o)
                0x0800b088                __kernel_cos
 *fill*         0x0800b204        0x4 
 .text.__kernel_sin
                0x0800b208      0x16c C:/ST/STM32CubeCLT_1.15.1/GNU-tools-for-STM32/bin/../lib/gcc/arm-none-eabi/12.3.1/../../../../arm-none-eabi/lib/thumb/v7-m/nofp\libm.a(libm_a-k_sin.o)
                0x0800b208                __kernel_sin
 *fill*         0x0800b374        0x4 
 .text.__ieee754_atan2
                0x0800b378      0x1a4 C:/ST/STM32CubeCLT_1.15.1/GNU-tools-for-STM32/bin/../lib/gcc/arm-none-eabi/12.3.1/../../../../arm-none-eabi/lib/thumb/v7-m/nofp\libm.a(libm_a-e_atan2.o)
                0x0800b378                __ieee754_atan2
 *fill*         0x0800b51c        0x4 
 .text.__ieee754_rem_pio2
                0x0800b520      0x3ec C:/ST/STM32CubeCLT_1.15.1/GNU-tools-for-STM32/bin/../lib/gcc/arm-none-eabi/12.3.1/../../../../arm-none-eabi/lib/thumb/v7-m/nofp\libm.a(libm_a-e_rem_pio2.o)
                0x0800b520                __ieee754_rem_pio2
 .text.__kernel_rem_pio2
                0x0800b90c      0x648 C:/ST/STM32CubeCLT_1.15.1/GNU-tools-for-STM32/bin/../lib/gcc/arm-none-eabi/12.3.1/../../../../arm-none-eabi/lib/thumb/v7-m/nofp\libm.a(libm_a-k_rem_pio2.o)
                0x0800b90c                __kernel_rem_pio2
 *fill*         0x0800bf54        0x4 
 .text.scalbn   0x0800bf58       0xec C:/ST/STM32CubeCLT_1.15.1/GNU-tools-for-STM32/bin/../lib/gcc/arm-none-eabi/12.3.1/../../../../arm-none-eabi/lib/thumb/v7-m/nofp\libm.a(libm_a-s_scalbn.o)
                0x0800bf58                scalbn
 *fill*         0x0800c044        0x4 
 .text.floor    0x0800c048      0x100 C:/ST/STM32CubeCLT_1.15.1/GNU-tools-for-STM32/bin/../lib/gcc/arm-none-eabi/12.3.1/../../../../arm-none-eabi/lib/thumb/v7-m/nofp\libm.a(libm_a-s_floor.o)
                0x0800c048                floor
 *(.glue_7)
 .glue_7        0x0800c148        0x0 linker stubs
 *(.glue_7t)
 .glue_7t       0x0800c148        0x0 linker stubs
 *(.eh_frame)
 .eh_frame      0x0800c148        0x0 C:/ST/STM32CubeCLT_1.15.1/GNU-tools-for-STM32/bin/../lib/gcc/arm-none-eabi/12.3.1/thumb/v7-m/nofp/crtbegin.o
 *(.init)
 .init          0x0800c148        0x4 C:/ST/STM32CubeCLT_1.15.1/GNU-tools-for-STM32/bin/../lib/gcc/arm-none-eabi/12.3.1/thumb/v7-m/nofp/crti.o
                0x0800c148                _init
 .init          0x0800c14c        0x8 C:/ST/STM32CubeCLT_1.15.1/GNU-tools-for-STM32/bin/../lib/gcc/arm-none-eabi/12.3.1/thumb/v7-m/nofp/crtn.o
 *(.fini)
 .fini          0x0800c154        0x4 C:/ST/STM32CubeCLT_1.15.1/GNU-tools-for-STM32/bin/../lib/gcc/arm-none-eabi/12.3.1/thumb/v7-m/nofp/crti.o
                0x0800c154                _fini
 .fini          0x0800c158        0x8 C:/ST/STM32CubeCLT_1.15.1/GNU-tools-for-STM32/bin/../lib/gcc/arm-none-eabi/12.3.1/thumb/v7-m/nofp/crtn.o
                0x0800c160                        . = ALIGN (0x4)
                0x0800c160                        _etext = .

.vfp11_veneer   0x0800c160        0x0
 .vfp11_veneer  0x0800c160        0x0 linker stubs

.v4_bx          0x0800c160        0x0
 .v4_bx         0x0800c160        0x0 linker stubs

.iplt           0x0800c160        0x0
 .iplt          0x0800c160        0x0 C:/ST/STM32CubeCLT_1.15.1/GNU-tools-for-STM32/bin/../lib/gcc/arm-none-eabi/12.3.1/thumb/v7-m/nofp/crtbegin.o

.rodata         0x0800c160      0x7e0
                0x0800c160                        . = ALIGN (0x4)
 *(.rodata)
 .rodata        0x0800c160       0x68 CMakeFiles/FlightController.dir/Core/Src/Tools.c.obj
 .rodata        0x0800c1c8       0x2b CMakeFiles/FlightController.dir/Core/Src/MotorControl.c.obj
 *fill*         0x0800c1f3        0x1 
 .rodata        0x0800c1f4       0x11 CMakeFiles/FlightController.dir/Core/Src/MPU6050.c.obj
 *fill*         0x0800c205        0x3 
 .rodata        0x0800c208      0x14f CMakeFiles/FlightController.dir/Core/Src/main.c.obj
 *(.rodata*)
 .rodata._printf_float.str1.1
                0x0800c357       0x12 C:/ST/STM32CubeCLT_1.15.1/GNU-tools-for-STM32/bin/../lib/gcc/arm-none-eabi/12.3.1/../../../../arm-none-eabi/lib/thumb/v7-m/nofp\libc_nano.a(libc_a-nano-vfprintf_float.o)
 .rodata._printf_i.str1.1
                0x0800c369       0x22 C:/ST/STM32CubeCLT_1.15.1/GNU-tools-for-STM32/bin/../lib/gcc/arm-none-eabi/12.3.1/../../../../arm-none-eabi/lib/thumb/v7-m/nofp\libc_nano.a(libc_a-nano-vfprintf_i.o)
 .rodata._dtoa_r.str1.1
                0x0800c38b       0x8d C:/ST/STM32CubeCLT_1.15.1/GNU-tools-for-STM32/bin/../lib/gcc/arm-none-eabi/12.3.1/../../../../arm-none-eabi/lib/thumb/v7-m/nofp\libc_nano.a(libc_a-dtoa.o)
                                 0x8f (size before relaxing)
 .rodata._Balloc.str1.1
                0x0800c418       0x59 C:/ST/STM32CubeCLT_1.15.1/GNU-tools-for-STM32/bin/../lib/gcc/arm-none-eabi/12.3.1/../../../../arm-none-eabi/lib/thumb/v7-m/nofp\libc_nano.a(libc_a-mprec.o)
                                 0x70 (size before relaxing)
 .rodata.__multadd.str1.1
                0x0800c471       0x11 C:/ST/STM32CubeCLT_1.15.1/GNU-tools-for-STM32/bin/../lib/gcc/arm-none-eabi/12.3.1/../../../../arm-none-eabi/lib/thumb/v7-m/nofp\libc_nano.a(libc_a-mprec.o)
 *fill*         0x0800c471        0x3 
 .rodata.p05.0  0x0800c474        0xc C:/ST/STM32CubeCLT_1.15.1/GNU-tools-for-STM32/bin/../lib/gcc/arm-none-eabi/12.3.1/../../../../arm-none-eabi/lib/thumb/v7-m/nofp\libc_nano.a(libc_a-mprec.o)
 .rodata.__mprec_bigtens
                0x0800c480       0x28 C:/ST/STM32CubeCLT_1.15.1/GNU-tools-for-STM32/bin/../lib/gcc/arm-none-eabi/12.3.1/../../../../arm-none-eabi/lib/thumb/v7-m/nofp\libc_nano.a(libc_a-mprec.o)
                0x0800c480                __mprec_bigtens
 .rodata.__mprec_tens
                0x0800c4a8       0xc8 C:/ST/STM32CubeCLT_1.15.1/GNU-tools-for-STM32/bin/../lib/gcc/arm-none-eabi/12.3.1/../../../../arm-none-eabi/lib/thumb/v7-m/nofp\libc_nano.a(libc_a-mprec.o)
                0x0800c4a8                __mprec_tens
 .rodata._setlocale_r.str1.1
                0x0800c570        0x8 C:/ST/STM32CubeCLT_1.15.1/GNU-tools-for-STM32/bin/../lib/gcc/arm-none-eabi/12.3.1/../../../../arm-none-eabi/lib/thumb/v7-m/nofp\libc_nano.a(libc_a-locale.o)
                                  0x9 (size before relaxing)
 .rodata.str1.1
                0x0800c578        0x2 C:/ST/STM32CubeCLT_1.15.1/GNU-tools-for-STM32/bin/../lib/gcc/arm-none-eabi/12.3.1/../../../../arm-none-eabi/lib/thumb/v7-m/nofp\libc_nano.a(libc_a-locale.o)
 .rodata.__assert_func.str1.1
                0x0800c57a       0x3c C:/ST/STM32CubeCLT_1.15.1/GNU-tools-for-STM32/bin/../lib/gcc/arm-none-eabi/12.3.1/../../../../arm-none-eabi/lib/thumb/v7-m/nofp\libc_nano.a(libc_a-assert.o)
                                 0x3d (size before relaxing)
 .rodata._ctype_
                0x0800c5b6      0x101 C:/ST/STM32CubeCLT_1.15.1/GNU-tools-for-STM32/bin/../lib/gcc/arm-none-eabi/12.3.1/../../../../arm-none-eabi/lib/thumb/v7-m/nofp\libc_nano.a(libc_a-ctype_.o)
                0x0800c5b6                _ctype_
 .rodata._vfprintf_r.str1.1
                0x0800c6b7       0x11 C:/ST/STM32CubeCLT_1.15.1/GNU-tools-for-STM32/bin/../lib/gcc/arm-none-eabi/12.3.1/../../../../arm-none-eabi/lib/thumb/v7-m/nofp\libc_nano.a(libc_a-nano-vfprintf.o)
 .rodata.aPLLMULFactorTable.1
                0x0800c6c8       0x10 CMakeFiles/FlightController.dir/Drivers/STM32F1xx_HAL_Driver/Src/stm32f1xx_hal_rcc.c.obj
 .rodata.aPredivFactorTable.0
                0x0800c6d8        0x2 CMakeFiles/FlightController.dir/Drivers/STM32F1xx_HAL_Driver/Src/stm32f1xx_hal_rcc.c.obj
 *fill*         0x0800c6da        0x2 
 .rodata.AHBPrescTable
                0x0800c6dc       0x10 CMakeFiles/FlightController.dir/Core/Src/system_stm32f1xx.c.obj
                0x0800c6dc                AHBPrescTable
 .rodata.APBPrescTable
                0x0800c6ec        0x8 CMakeFiles/FlightController.dir/Core/Src/system_stm32f1xx.c.obj
                0x0800c6ec                APBPrescTable
 .rodata._svfprintf_r.str1.1
                0x0800c6f4       0x11 C:/ST/STM32CubeCLT_1.15.1/GNU-tools-for-STM32/bin/../lib/gcc/arm-none-eabi/12.3.1/../../../../arm-none-eabi/lib/thumb/v7-m/nofp\libg_nano.a(libc_a-nano-svfprintf.o)
 *fill*         0x0800c6f4        0x4 
 .rodata.atanlo
                0x0800c6f8       0x20 C:/ST/STM32CubeCLT_1.15.1/GNU-tools-for-STM32/bin/../lib/gcc/arm-none-eabi/12.3.1/../../../../arm-none-eabi/lib/thumb/v7-m/nofp\libm.a(libm_a-s_atan.o)
 .rodata.atanhi
                0x0800c718       0x20 C:/ST/STM32CubeCLT_1.15.1/GNU-tools-for-STM32/bin/../lib/gcc/arm-none-eabi/12.3.1/../../../../arm-none-eabi/lib/thumb/v7-m/nofp\libm.a(libm_a-s_atan.o)
 .rodata.CSWTCH.9
                0x0800c738       0x18 C:/ST/STM32CubeCLT_1.15.1/GNU-tools-for-STM32/bin/../lib/gcc/arm-none-eabi/12.3.1/../../../../arm-none-eabi/lib/thumb/v7-m/nofp\libm.a(libm_a-e_atan2.o)
 .rodata.CSWTCH.8
                0x0800c750       0x18 C:/ST/STM32CubeCLT_1.15.1/GNU-tools-for-STM32/bin/../lib/gcc/arm-none-eabi/12.3.1/../../../../arm-none-eabi/lib/thumb/v7-m/nofp\libm.a(libm_a-e_atan2.o)
 .rodata.npio2_hw
                0x0800c768       0x80 C:/ST/STM32CubeCLT_1.15.1/GNU-tools-for-STM32/bin/../lib/gcc/arm-none-eabi/12.3.1/../../../../arm-none-eabi/lib/thumb/v7-m/nofp\libm.a(libm_a-e_rem_pio2.o)
 .rodata.two_over_pi
                0x0800c7e8      0x108 C:/ST/STM32CubeCLT_1.15.1/GNU-tools-for-STM32/bin/../lib/gcc/arm-none-eabi/12.3.1/../../../../arm-none-eabi/lib/thumb/v7-m/nofp\libm.a(libm_a-e_rem_pio2.o)
 .rodata.PIo2   0x0800c8f0       0x40 C:/ST/STM32CubeCLT_1.15.1/GNU-tools-for-STM32/bin/../lib/gcc/arm-none-eabi/12.3.1/../../../../arm-none-eabi/lib/thumb/v7-m/nofp\libm.a(libm_a-k_rem_pio2.o)
 .rodata.init_jk
                0x0800c930       0x10 C:/ST/STM32CubeCLT_1.15.1/GNU-tools-for-STM32/bin/../lib/gcc/arm-none-eabi/12.3.1/../../../../arm-none-eabi/lib/thumb/v7-m/nofp\libm.a(libm_a-k_rem_pio2.o)
                0x0800c940                        . = ALIGN (0x4)

.ARM.extab
 *(.ARM.extab* .gnu.linkonce.armextab.*)

.ARM            0x0800c940        0x8
                0x0800c940                        __exidx_start = .
 *(.ARM.exidx*)
 .ARM.exidx     0x0800c940        0x8 C:/ST/STM32CubeCLT_1.15.1/GNU-tools-for-STM32/bin/../lib/gcc/arm-none-eabi/12.3.1/../../../../arm-none-eabi/lib/thumb/v7-m/nofp\libc_nano.a(libc_a-strlen.o)
                0x0800c948                        __exidx_end = .

.rel.dyn        0x0800c948        0x0
 .rel.iplt      0x0800c948        0x0 C:/ST/STM32CubeCLT_1.15.1/GNU-tools-for-STM32/bin/../lib/gcc/arm-none-eabi/12.3.1/thumb/v7-m/nofp/crtbegin.o

.preinit_array  0x0800c948        0x0
                0x0800c948                        PROVIDE (__preinit_array_start = .)
 *(.preinit_array*)
                0x0800c948                        PROVIDE (__preinit_array_end = .)

.init_array     0x0800c948        0x4
                0x0800c948                        PROVIDE (__init_array_start = .)
 *(SORT_BY_NAME(.init_array.*))
 *(.init_array*)
 .init_array    0x0800c948        0x4 C:/ST/STM32CubeCLT_1.15.1/GNU-tools-for-STM32/bin/../lib/gcc/arm-none-eabi/12.3.1/thumb/v7-m/nofp/crtbegin.o
                0x0800c94c                        PROVIDE (__init_array_end = .)

.fini_array     0x0800c94c        0x4
                [!provide]                        PROVIDE (__fini_array_start = .)
 *(SORT_BY_NAME(.fini_array.*))
 *(.fini_array*)
 .fini_array    0x0800c94c        0x4 C:/ST/STM32CubeCLT_1.15.1/GNU-tools-for-STM32/bin/../lib/gcc/arm-none-eabi/12.3.1/thumb/v7-m/nofp/crtbegin.o
                [!provide]                        PROVIDE (__fini_array_end = .)
                0x0800c950                        _sidata = LOADADDR (.data)

.data           0x20000000      0x2a0 load address 0x0800c950
                0x20000000                        . = ALIGN (0x4)
                0x20000000                        _sdata = .
 *(.data)
 *(.data*)
 .data.__sglue  0x20000000        0xc C:/ST/STM32CubeCLT_1.15.1/GNU-tools-for-STM32/bin/../lib/gcc/arm-none-eabi/12.3.1/../../../../arm-none-eabi/lib/thumb/v7-m/nofp\libc_nano.a(libc_a-findfp.o)
                0x20000000                __sglue
 .data._impure_ptr
                0x2000000c        0x4 C:/ST/STM32CubeCLT_1.15.1/GNU-tools-for-STM32/bin/../lib/gcc/arm-none-eabi/12.3.1/../../../../arm-none-eabi/lib/thumb/v7-m/nofp\libc_nano.a(libc_a-impure.o)
                0x2000000c                _impure_ptr
 .data._impure_data
                0x20000010       0x4c C:/ST/STM32CubeCLT_1.15.1/GNU-tools-for-STM32/bin/../lib/gcc/arm-none-eabi/12.3.1/../../../../arm-none-eabi/lib/thumb/v7-m/nofp\libc_nano.a(libc_a-impure.o)
                0x20000010                _impure_data
 .data.__global_locale
                0x2000005c      0x16c C:/ST/STM32CubeCLT_1.15.1/GNU-tools-for-STM32/bin/../lib/gcc/arm-none-eabi/12.3.1/../../../../arm-none-eabi/lib/thumb/v7-m/nofp\libc_nano.a(libc_a-locale.o)
                0x2000005c                __global_locale
 .data.MPU6050_devstat
                0x200001c8        0x1 CMakeFiles/FlightController.dir/Core/Src/MPU6050.c.obj
                0x200001c8                MPU6050_devstat
 .data.MPU6050_cmdstat
                0x200001c9        0x1 CMakeFiles/FlightController.dir/Core/Src/MPU6050.c.obj
                0x200001c9                MPU6050_cmdstat
 *fill*         0x200001ca        0x6 
 .data.KalmanX  0x200001d0       0x48 CMakeFiles/FlightController.dir/Core/Src/MPU6050.c.obj
                0x200001d0                KalmanX
 .data.KalmanY  0x20000218       0x48 CMakeFiles/FlightController.dir/Core/Src/MPU6050.c.obj
                0x20000218                KalmanY
 .data.Motors_Speed
                0x20000260       0x20 CMakeFiles/FlightController.dir/Core/Src/main.c.obj
                0x20000260                Motors_Speed
 .data.uwTickPrio
                0x20000280        0x4 CMakeFiles/FlightController.dir/Drivers/STM32F1xx_HAL_Driver/Src/stm32f1xx_hal.c.obj
                0x20000280                uwTickPrio
 .data.uwTickFreq
                0x20000284        0x1 CMakeFiles/FlightController.dir/Drivers/STM32F1xx_HAL_Driver/Src/stm32f1xx_hal.c.obj
                0x20000284                uwTickFreq
 *fill*         0x20000285        0x3 
 .data.SystemCoreClock
                0x20000288        0x4 CMakeFiles/FlightController.dir/Core/Src/system_stm32f1xx.c.obj
                0x20000288                SystemCoreClock
 *fill*         0x2000028c        0x4 
 .data.tiny     0x20000290        0x8 C:/ST/STM32CubeCLT_1.15.1/GNU-tools-for-STM32/bin/../lib/gcc/arm-none-eabi/12.3.1/../../../../arm-none-eabi/lib/thumb/v7-m/nofp\libm.a(libm_a-e_sqrt.o)
 .data.one      0x20000298        0x8 C:/ST/STM32CubeCLT_1.15.1/GNU-tools-for-STM32/bin/../lib/gcc/arm-none-eabi/12.3.1/../../../../arm-none-eabi/lib/thumb/v7-m/nofp\libm.a(libm_a-e_sqrt.o)
                0x200002a0                        . = ALIGN (0x4)
                0x200002a0                        _edata = .

.igot.plt       0x200002a0        0x0 load address 0x0800cbf0
 .igot.plt      0x200002a0        0x0 C:/ST/STM32CubeCLT_1.15.1/GNU-tools-for-STM32/bin/../lib/gcc/arm-none-eabi/12.3.1/thumb/v7-m/nofp/crtbegin.o
                0x200002a0                        . = ALIGN (0x4)

.bss            0x200002a0      0x888 load address 0x0800cbf0
                0x200002a0                        _sbss = .
                0x200002a0                        __bss_start__ = _sbss
 *(.bss)
 .bss           0x200002a0       0x1c C:/ST/STM32CubeCLT_1.15.1/GNU-tools-for-STM32/bin/../lib/gcc/arm-none-eabi/12.3.1/thumb/v7-m/nofp/crtbegin.o
 *(.bss*)
 .bss.__sf      0x200002bc      0x138 C:/ST/STM32CubeCLT_1.15.1/GNU-tools-for-STM32/bin/../lib/gcc/arm-none-eabi/12.3.1/../../../../arm-none-eabi/lib/thumb/v7-m/nofp\libc_nano.a(libc_a-findfp.o)
                0x200002bc                __sf
 .bss.__stdio_exit_handler
                0x200003f4        0x4 C:/ST/STM32CubeCLT_1.15.1/GNU-tools-for-STM32/bin/../lib/gcc/arm-none-eabi/12.3.1/../../../../arm-none-eabi/lib/thumb/v7-m/nofp\libc_nano.a(libc_a-findfp.o)
                0x200003f4                __stdio_exit_handler
 .bss.errno     0x200003f8        0x4 C:/ST/STM32CubeCLT_1.15.1/GNU-tools-for-STM32/bin/../lib/gcc/arm-none-eabi/12.3.1/../../../../arm-none-eabi/lib/thumb/v7-m/nofp\libc_nano.a(libc_a-reent.o)
                0x200003f8                errno
 .bss.__lock___malloc_recursive_mutex
                0x200003fc        0x1 C:/ST/STM32CubeCLT_1.15.1/GNU-tools-for-STM32/bin/../lib/gcc/arm-none-eabi/12.3.1/../../../../arm-none-eabi/lib/thumb/v7-m/nofp\libc_nano.a(libc_a-lock.o)
                0x200003fc                __lock___malloc_recursive_mutex
 .bss.__lock___sfp_recursive_mutex
                0x200003fd        0x1 C:/ST/STM32CubeCLT_1.15.1/GNU-tools-for-STM32/bin/../lib/gcc/arm-none-eabi/12.3.1/../../../../arm-none-eabi/lib/thumb/v7-m/nofp\libc_nano.a(libc_a-lock.o)
                0x200003fd                __lock___sfp_recursive_mutex
 *fill*         0x200003fe        0x2 
 .bss.__malloc_sbrk_start
                0x20000400        0x4 C:/ST/STM32CubeCLT_1.15.1/GNU-tools-for-STM32/bin/../lib/gcc/arm-none-eabi/12.3.1/../../../../arm-none-eabi/lib/thumb/v7-m/nofp\libc_nano.a(libc_a-mallocr.o)
                0x20000400                __malloc_sbrk_start
 .bss.__malloc_free_list
                0x20000404        0x4 C:/ST/STM32CubeCLT_1.15.1/GNU-tools-for-STM32/bin/../lib/gcc/arm-none-eabi/12.3.1/../../../../arm-none-eabi/lib/thumb/v7-m/nofp\libc_nano.a(libc_a-mallocr.o)
                0x20000404                __malloc_free_list
 .bss.Motor1    0x20000408        0x4 CMakeFiles/FlightController.dir/Core/Src/MotorControl.c.obj
                0x20000408                Motor1
 .bss.Motor2    0x2000040c        0x4 CMakeFiles/FlightController.dir/Core/Src/MotorControl.c.obj
                0x2000040c                Motor2
 .bss.Motor3    0x20000410        0x4 CMakeFiles/FlightController.dir/Core/Src/MotorControl.c.obj
                0x20000410                Motor3
 .bss.Motor4    0x20000414        0x4 CMakeFiles/FlightController.dir/Core/Src/MotorControl.c.obj
                0x20000414                Motor4
 .bss.MPU6050_timer
                0x20000418        0x4 CMakeFiles/FlightController.dir/Core/Src/MPU6050.c.obj
                0x20000418                MPU6050_timer
 *fill*         0x2000041c        0x4 
 .bss.MPU6050   0x20000420       0x68 CMakeFiles/FlightController.dir/Core/Src/MPU6050.c.obj
                0x20000420                MPU6050
 .bss.MPU6050_readystatus
                0x20000488        0x1 CMakeFiles/FlightController.dir/Core/Src/MPU6050.c.obj
                0x20000488                MPU6050_readystatus
 *fill*         0x20000489        0x3 
 .bss.kf        0x2000048c       0x18 CMakeFiles/FlightController.dir/Core/Src/MPU6050.c.obj
                0x2000048c                kf
 .bss.hi2c1     0x200004a4       0x54 CMakeFiles/FlightController.dir/Core/Src/main.c.obj
                0x200004a4                hi2c1
 .bss.hspi1     0x200004f8       0x58 CMakeFiles/FlightController.dir/Core/Src/main.c.obj
                0x200004f8                hspi1
 .bss.htim1     0x20000550       0x48 CMakeFiles/FlightController.dir/Core/Src/main.c.obj
                0x20000550                htim1
 .bss.htim2     0x20000598       0x48 CMakeFiles/FlightController.dir/Core/Src/main.c.obj
                0x20000598                htim2
 .bss.htim3     0x200005e0       0x48 CMakeFiles/FlightController.dir/Core/Src/main.c.obj
                0x200005e0                htim3
 .bss.htim4     0x20000628       0x48 CMakeFiles/FlightController.dir/Core/Src/main.c.obj
                0x20000628                htim4
 .bss.huart1    0x20000670       0x48 CMakeFiles/FlightController.dir/Core/Src/main.c.obj
                0x20000670                huart1
 .bss.USART_ReceivedByte
                0x200006b8        0x1 CMakeFiles/FlightController.dir/Core/Src/main.c.obj
                0x200006b8                USART_ReceivedByte
 *fill*         0x200006b9        0x3 
 .bss.USART_Buffer
                0x200006bc      0x3e8 CMakeFiles/FlightController.dir/Core/Src/main.c.obj
                0x200006bc                USART_Buffer
 .bss.USART_dataIndex
                0x20000aa4        0x2 CMakeFiles/FlightController.dir/Core/Src/main.c.obj
                0x20000aa4                USART_dataIndex
 *fill*         0x20000aa6        0x2 
 .bss.rx_data   0x20000aa8        0x8 CMakeFiles/FlightController.dir/Core/Src/main.c.obj
                0x20000aa8                rx_data
 .bss.Motors_PID_Adj
                0x20000ab0       0x20 CMakeFiles/FlightController.dir/Core/Src/main.c.obj
                0x20000ab0                Motors_PID_Adj
 .bss.pid_roll  0x20000ad0       0x14 CMakeFiles/FlightController.dir/Core/Src/main.c.obj
                0x20000ad0                pid_roll
 .bss.pid_pitch
                0x20000ae4       0x14 CMakeFiles/FlightController.dir/Core/Src/main.c.obj
                0x20000ae4                pid_pitch
 .bss.pid_yaw   0x20000af8       0x14 CMakeFiles/FlightController.dir/Core/Src/main.c.obj
                0x20000af8                pid_yaw
 .bss.pid_Vz    0x20000b0c       0x14 CMakeFiles/FlightController.dir/Core/Src/main.c.obj
                0x20000b0c                pid_Vz
 .bss.uwTick    0x20000b20        0x4 CMakeFiles/FlightController.dir/Drivers/STM32F1xx_HAL_Driver/Src/stm32f1xx_hal.c.obj
                0x20000b20                uwTick
 .bss.__sbrk_heap_end
                0x20000b24        0x4 CMakeFiles/FlightController.dir/Core/Src/sysmem.c.obj
 *(COMMON)
                0x20000b28                        . = ALIGN (0x4)
                0x20000b28                        _ebss = .
                0x20000b28                        __bss_end__ = _ebss

._user_heap_stack
                0x20000b28      0x600 load address 0x0800cbf0
                0x20000b28                        . = ALIGN (0x8)
                [!provide]                        PROVIDE (end = .)
                0x20000b28                        PROVIDE (_end = .)
                0x20000d28                        . = (. + _Min_Heap_Size)
 *fill*         0x20000b28      0x200 
                0x20001128                        . = (. + _Min_Stack_Size)
 *fill*         0x20000d28      0x400 
                0x20001128                        . = ALIGN (0x8)

/DISCARD/
 libc.a(*)
 libm.a(*)
 libgcc.a(*)

.ARM.attributes
                0x00000000       0x29
 *(.ARM.attributes)
 .ARM.attributes
                0x00000000       0x1d C:/ST/STM32CubeCLT_1.15.1/GNU-tools-for-STM32/bin/../lib/gcc/arm-none-eabi/12.3.1/thumb/v7-m/nofp/crti.o
 .ARM.attributes
                0x0000001d       0x2d C:/ST/STM32CubeCLT_1.15.1/GNU-tools-for-STM32/bin/../lib/gcc/arm-none-eabi/12.3.1/thumb/v7-m/nofp/crtbegin.o
 .ARM.attributes
                0x0000004a       0x2d C:/ST/STM32CubeCLT_1.15.1/GNU-tools-for-STM32/bin/../lib/gcc/arm-none-eabi/12.3.1/../../../../arm-none-eabi/lib/thumb/v7-m/nofp\libc_nano.a(libc_a-nano-vfprintf_float.o)
 .ARM.attributes
                0x00000077       0x2d C:/ST/STM32CubeCLT_1.15.1/GNU-tools-for-STM32/bin/../lib/gcc/arm-none-eabi/12.3.1/../../../../arm-none-eabi/lib/thumb/v7-m/nofp\libc_nano.a(libc_a-nano-vfprintf_i.o)
 .ARM.attributes
                0x000000a4       0x2d C:/ST/STM32CubeCLT_1.15.1/GNU-tools-for-STM32/bin/../lib/gcc/arm-none-eabi/12.3.1/../../../../arm-none-eabi/lib/thumb/v7-m/nofp\libc_nano.a(libc_a-findfp.o)
 .ARM.attributes
                0x000000d1       0x2d C:/ST/STM32CubeCLT_1.15.1/GNU-tools-for-STM32/bin/../lib/gcc/arm-none-eabi/12.3.1/../../../../arm-none-eabi/lib/thumb/v7-m/nofp\libc_nano.a(libc_a-fwalk.o)
 .ARM.attributes
                0x000000fe       0x2d C:/ST/STM32CubeCLT_1.15.1/GNU-tools-for-STM32/bin/../lib/gcc/arm-none-eabi/12.3.1/../../../../arm-none-eabi/lib/thumb/v7-m/nofp\libc_nano.a(libc_a-stdio.o)
 .ARM.attributes
                0x0000012b       0x2d C:/ST/STM32CubeCLT_1.15.1/GNU-tools-for-STM32/bin/../lib/gcc/arm-none-eabi/12.3.1/../../../../arm-none-eabi/lib/thumb/v7-m/nofp\libc_nano.a(libc_a-memset.o)
 .ARM.attributes
                0x00000158       0x2d C:/ST/STM32CubeCLT_1.15.1/GNU-tools-for-STM32/bin/../lib/gcc/arm-none-eabi/12.3.1/../../../../arm-none-eabi/lib/thumb/v7-m/nofp\libc_nano.a(libc_a-localeconv.o)
 .ARM.attributes
                0x00000185       0x2d C:/ST/STM32CubeCLT_1.15.1/GNU-tools-for-STM32/bin/../lib/gcc/arm-none-eabi/12.3.1/../../../../arm-none-eabi/lib/thumb/v7-m/nofp\libc_nano.a(libc_a-closer.o)
 .ARM.attributes
                0x000001b2       0x2d C:/ST/STM32CubeCLT_1.15.1/GNU-tools-for-STM32/bin/../lib/gcc/arm-none-eabi/12.3.1/../../../../arm-none-eabi/lib/thumb/v7-m/nofp\libc_nano.a(libc_a-reent.o)
 .ARM.attributes
                0x000001df       0x2d C:/ST/STM32CubeCLT_1.15.1/GNU-tools-for-STM32/bin/../lib/gcc/arm-none-eabi/12.3.1/../../../../arm-none-eabi/lib/thumb/v7-m/nofp\libc_nano.a(libc_a-impure.o)
 .ARM.attributes
                0x0000020c       0x2d C:/ST/STM32CubeCLT_1.15.1/GNU-tools-for-STM32/bin/../lib/gcc/arm-none-eabi/12.3.1/../../../../arm-none-eabi/lib/thumb/v7-m/nofp\libc_nano.a(libc_a-lseekr.o)
 .ARM.attributes
                0x00000239       0x2d C:/ST/STM32CubeCLT_1.15.1/GNU-tools-for-STM32/bin/../lib/gcc/arm-none-eabi/12.3.1/../../../../arm-none-eabi/lib/thumb/v7-m/nofp\libc_nano.a(libc_a-readr.o)
 .ARM.attributes
                0x00000266       0x2d C:/ST/STM32CubeCLT_1.15.1/GNU-tools-for-STM32/bin/../lib/gcc/arm-none-eabi/12.3.1/../../../../arm-none-eabi/lib/thumb/v7-m/nofp\libc_nano.a(libc_a-writer.o)
 .ARM.attributes
                0x00000293       0x2d C:/ST/STM32CubeCLT_1.15.1/GNU-tools-for-STM32/bin/../lib/gcc/arm-none-eabi/12.3.1/../../../../arm-none-eabi/lib/thumb/v7-m/nofp\libc_nano.a(libc_a-init.o)
 .ARM.attributes
                0x000002c0       0x2d C:/ST/STM32CubeCLT_1.15.1/GNU-tools-for-STM32/bin/../lib/gcc/arm-none-eabi/12.3.1/../../../../arm-none-eabi/lib/thumb/v7-m/nofp\libc_nano.a(libc_a-lock.o)
 .ARM.attributes
                0x000002ed       0x2d C:/ST/STM32CubeCLT_1.15.1/GNU-tools-for-STM32/bin/../lib/gcc/arm-none-eabi/12.3.1/../../../../arm-none-eabi/lib/thumb/v7-m/nofp\libc_nano.a(libc_a-memchr-stub.o)
 .ARM.attributes
                0x0000031a       0x17 C:/ST/STM32CubeCLT_1.15.1/GNU-tools-for-STM32/bin/../lib/gcc/arm-none-eabi/12.3.1/../../../../arm-none-eabi/lib/thumb/v7-m/nofp\libc_nano.a(libc_a-strlen.o)
 .ARM.attributes
                0x00000331       0x2d C:/ST/STM32CubeCLT_1.15.1/GNU-tools-for-STM32/bin/../lib/gcc/arm-none-eabi/12.3.1/../../../../arm-none-eabi/lib/thumb/v7-m/nofp\libc_nano.a(libc_a-dtoa.o)
 .ARM.attributes
                0x0000035e       0x2d C:/ST/STM32CubeCLT_1.15.1/GNU-tools-for-STM32/bin/../lib/gcc/arm-none-eabi/12.3.1/../../../../arm-none-eabi/lib/thumb/v7-m/nofp\libc_nano.a(libc_a-freer.o)
 .ARM.attributes
                0x0000038b       0x2d C:/ST/STM32CubeCLT_1.15.1/GNU-tools-for-STM32/bin/../lib/gcc/arm-none-eabi/12.3.1/../../../../arm-none-eabi/lib/thumb/v7-m/nofp\libc_nano.a(libc_a-malloc.o)
 .ARM.attributes
                0x000003b8       0x2d C:/ST/STM32CubeCLT_1.15.1/GNU-tools-for-STM32/bin/../lib/gcc/arm-none-eabi/12.3.1/../../../../arm-none-eabi/lib/thumb/v7-m/nofp\libc_nano.a(libc_a-mallocr.o)
 .ARM.attributes
                0x000003e5       0x2d C:/ST/STM32CubeCLT_1.15.1/GNU-tools-for-STM32/bin/../lib/gcc/arm-none-eabi/12.3.1/../../../../arm-none-eabi/lib/thumb/v7-m/nofp\libc_nano.a(libc_a-mlock.o)
 .ARM.attributes
                0x00000412       0x2d C:/ST/STM32CubeCLT_1.15.1/GNU-tools-for-STM32/bin/../lib/gcc/arm-none-eabi/12.3.1/../../../../arm-none-eabi/lib/thumb/v7-m/nofp\libc_nano.a(libc_a-mprec.o)
 .ARM.attributes
                0x0000043f       0x2d C:/ST/STM32CubeCLT_1.15.1/GNU-tools-for-STM32/bin/../lib/gcc/arm-none-eabi/12.3.1/../../../../arm-none-eabi/lib/thumb/v7-m/nofp\libc_nano.a(libc_a-fflush.o)
 .ARM.attributes
                0x0000046c       0x2d C:/ST/STM32CubeCLT_1.15.1/GNU-tools-for-STM32/bin/../lib/gcc/arm-none-eabi/12.3.1/../../../../arm-none-eabi/lib/thumb/v7-m/nofp\libc_nano.a(libc_a-locale.o)
 .ARM.attributes
                0x00000499       0x2d C:/ST/STM32CubeCLT_1.15.1/GNU-tools-for-STM32/bin/../lib/gcc/arm-none-eabi/12.3.1/../../../../arm-none-eabi/lib/thumb/v7-m/nofp\libc_nano.a(libc_a-sbrkr.o)
 .ARM.attributes
                0x000004c6       0x2d C:/ST/STM32CubeCLT_1.15.1/GNU-tools-for-STM32/bin/../lib/gcc/arm-none-eabi/12.3.1/../../../../arm-none-eabi/lib/thumb/v7-m/nofp\libc_nano.a(libc_a-memcpy-stub.o)
 .ARM.attributes
                0x000004f3       0x2d C:/ST/STM32CubeCLT_1.15.1/GNU-tools-for-STM32/bin/../lib/gcc/arm-none-eabi/12.3.1/../../../../arm-none-eabi/lib/thumb/v7-m/nofp\libc_nano.a(libc_a-assert.o)
 .ARM.attributes
                0x00000520       0x2d C:/ST/STM32CubeCLT_1.15.1/GNU-tools-for-STM32/bin/../lib/gcc/arm-none-eabi/12.3.1/../../../../arm-none-eabi/lib/thumb/v7-m/nofp\libc_nano.a(libc_a-callocr.o)
 .ARM.attributes
                0x0000054d       0x2d C:/ST/STM32CubeCLT_1.15.1/GNU-tools-for-STM32/bin/../lib/gcc/arm-none-eabi/12.3.1/../../../../arm-none-eabi/lib/thumb/v7-m/nofp\libc_nano.a(libc_a-mbtowc_r.o)
 .ARM.attributes
                0x0000057a       0x2d C:/ST/STM32CubeCLT_1.15.1/GNU-tools-for-STM32/bin/../lib/gcc/arm-none-eabi/12.3.1/../../../../arm-none-eabi/lib/thumb/v7-m/nofp\libc_nano.a(libc_a-wctomb_r.o)
 .ARM.attributes
                0x000005a7       0x2d C:/ST/STM32CubeCLT_1.15.1/GNU-tools-for-STM32/bin/../lib/gcc/arm-none-eabi/12.3.1/../../../../arm-none-eabi/lib/thumb/v7-m/nofp\libc_nano.a(libc_a-ctype_.o)
 .ARM.attributes
                0x000005d4       0x2d C:/ST/STM32CubeCLT_1.15.1/GNU-tools-for-STM32/bin/../lib/gcc/arm-none-eabi/12.3.1/../../../../arm-none-eabi/lib/thumb/v7-m/nofp\libc_nano.a(libc_a-fprintf.o)
 .ARM.attributes
                0x00000601       0x2d C:/ST/STM32CubeCLT_1.15.1/GNU-tools-for-STM32/bin/../lib/gcc/arm-none-eabi/12.3.1/../../../../arm-none-eabi/lib/thumb/v7-m/nofp\libc_nano.a(libc_a-abort.o)
 .ARM.attributes
                0x0000062e       0x2d C:/ST/STM32CubeCLT_1.15.1/GNU-tools-for-STM32/bin/../lib/gcc/arm-none-eabi/12.3.1/../../../../arm-none-eabi/lib/thumb/v7-m/nofp\libc_nano.a(libc_a-nano-vfprintf.o)
 .ARM.attributes
                0x0000065b       0x2d C:/ST/STM32CubeCLT_1.15.1/GNU-tools-for-STM32/bin/../lib/gcc/arm-none-eabi/12.3.1/../../../../arm-none-eabi/lib/thumb/v7-m/nofp\libc_nano.a(libc_a-wbuf.o)
 .ARM.attributes
                0x00000688       0x2d C:/ST/STM32CubeCLT_1.15.1/GNU-tools-for-STM32/bin/../lib/gcc/arm-none-eabi/12.3.1/../../../../arm-none-eabi/lib/thumb/v7-m/nofp\libc_nano.a(libc_a-wsetup.o)
 .ARM.attributes
                0x000006b5       0x2d C:/ST/STM32CubeCLT_1.15.1/GNU-tools-for-STM32/bin/../lib/gcc/arm-none-eabi/12.3.1/../../../../arm-none-eabi/lib/thumb/v7-m/nofp\libc_nano.a(libc_a-memmove.o)
 .ARM.attributes
                0x000006e2       0x2d C:/ST/STM32CubeCLT_1.15.1/GNU-tools-for-STM32/bin/../lib/gcc/arm-none-eabi/12.3.1/../../../../arm-none-eabi/lib/thumb/v7-m/nofp\libc_nano.a(libc_a-signal.o)
 .ARM.attributes
                0x0000070f       0x2d C:/ST/STM32CubeCLT_1.15.1/GNU-tools-for-STM32/bin/../lib/gcc/arm-none-eabi/12.3.1/../../../../arm-none-eabi/lib/thumb/v7-m/nofp\libc_nano.a(libc_a-signalr.o)
 .ARM.attributes
                0x0000073c       0x2d C:/ST/STM32CubeCLT_1.15.1/GNU-tools-for-STM32/bin/../lib/gcc/arm-none-eabi/12.3.1/../../../../arm-none-eabi/lib/thumb/v7-m/nofp\libc_nano.a(libc_a-reallocr.o)
 .ARM.attributes
                0x00000769       0x2d C:/ST/STM32CubeCLT_1.15.1/GNU-tools-for-STM32/bin/../lib/gcc/arm-none-eabi/12.3.1/../../../../arm-none-eabi/lib/thumb/v7-m/nofp\libc_nano.a(libc_a-makebuf.o)
 .ARM.attributes
                0x00000796       0x2d C:/ST/STM32CubeCLT_1.15.1/GNU-tools-for-STM32/bin/../lib/gcc/arm-none-eabi/12.3.1/../../../../arm-none-eabi/lib/thumb/v7-m/nofp\libc_nano.a(libc_a-fstatr.o)
 .ARM.attributes
                0x000007c3       0x2d C:/ST/STM32CubeCLT_1.15.1/GNU-tools-for-STM32/bin/../lib/gcc/arm-none-eabi/12.3.1/../../../../arm-none-eabi/lib/thumb/v7-m/nofp\libc_nano.a(libc_a-isattyr.o)
 .ARM.attributes
                0x000007f0       0x2d C:/ST/STM32CubeCLT_1.15.1/GNU-tools-for-STM32/bin/../lib/gcc/arm-none-eabi/12.3.1/../../../../arm-none-eabi/lib/thumb/v7-m/nofp\libc_nano.a(libc_a-msizer.o)
 .ARM.attributes
                0x0000081d       0x2d CMakeFiles/FlightController.dir/Core/Src/Tools.c.obj
 .ARM.attributes
                0x0000084a       0x2d CMakeFiles/FlightController.dir/Core/Src/MotorControl.c.obj
 .ARM.attributes
                0x00000877       0x2d CMakeFiles/FlightController.dir/Core/Src/MPU6050.c.obj
 .ARM.attributes
                0x000008a4       0x2d CMakeFiles/FlightController.dir/Core/Src/NRF24L01P.c.obj
 .ARM.attributes
                0x000008d1       0x2d CMakeFiles/FlightController.dir/Core/Src/PID.c.obj
 .ARM.attributes
                0x000008fe       0x2d CMakeFiles/FlightController.dir/Core/Src/KalmanFilter.c.obj
 .ARM.attributes
                0x0000092b       0x2d CMakeFiles/FlightController.dir/Core/Src/main.c.obj
 .ARM.attributes
                0x00000958       0x2d CMakeFiles/FlightController.dir/Core/Src/stm32f1xx_it.c.obj
 .ARM.attributes
                0x00000985       0x2d CMakeFiles/FlightController.dir/Core/Src/stm32f1xx_hal_msp.c.obj
 .ARM.attributes
                0x000009b2       0x2d CMakeFiles/FlightController.dir/Drivers/STM32F1xx_HAL_Driver/Src/stm32f1xx_hal_i2c.c.obj
 .ARM.attributes
                0x000009df       0x2d CMakeFiles/FlightController.dir/Drivers/STM32F1xx_HAL_Driver/Src/stm32f1xx_hal.c.obj
 .ARM.attributes
                0x00000a0c       0x2d CMakeFiles/FlightController.dir/Drivers/STM32F1xx_HAL_Driver/Src/stm32f1xx_hal_rcc.c.obj
 .ARM.attributes